#
# There is insufficient memory for the Java Runtime Environment to continue.
# Native memory allocation (malloc) failed to allocate 1048576 bytes. Error detail: AllocateHeap
# Possible reasons:
#   The system is out of physical RAM or swap space
#   This process is running with CompressedOops enabled, and the Java Heap may be blocking the growth of the native heap
# Possible solutions:
#   Reduce memory load on the system
#   Increase physical memory or swap space
#   Check if swap backing store is full
#   Decrease Java heap size (-Xmx/-Xms)
#   Decrease number of Java threads
#   Decrease Java thread stack sizes (-Xss)
#   Set larger code cache with -XX:ReservedCodeCacheSize=
#   JVM is running with Unscaled Compressed Oops mode in which the Java heap is
#     placed in the first 4GB address space. The Java Heap base address is the
#     maximum limit for the native heap growth. Please use -XX:HeapBaseMinAddress
#     to set the Java Heap base and to place the Java Heap above 4GB virtual address.
# This output file may be truncated or incomplete.
#
#  Out of Memory Error (allocation.cpp:44), pid=30340, tid=13276
#
# JRE version: OpenJDK Runtime Environment Temurin-21.0.9+10 (21.0.9+10) (build 21.0.9+10-LTS)
# Java VM: OpenJDK 64-Bit Server VM Temurin-21.0.9+10 (21.0.9+10-LTS, mixed mode, sharing, tiered, compressed oops, compressed class ptrs, parallel gc, windows-amd64)
# No core dump will be written. Minidumps are not enabled by default on client versions of Windows
#

---------------  S U M M A R Y ------------

Command Line: --add-modules=ALL-SYSTEM --add-opens=java.base/java.util=ALL-UNNAMED --add-opens=java.base/java.lang=ALL-UNNAMED --add-opens=java.base/sun.nio.fs=ALL-UNNAMED -Declipse.application=org.eclipse.jdt.ls.core.id1 -Dosgi.bundles.defaultStartLevel=4 -Declipse.product=org.eclipse.jdt.ls.core.product -Djava.import.generatesMetadataFilesAtProjectRoot=false -DDetectVMInstallationsJob.disabled=true -Dfile.encoding=utf8 -XX:+UseParallelGC -XX:GCTimeRatio=4 -XX:AdaptiveSizePolicyWeight=90 -Dsun.zip.disableMemoryMapping=true -Xmx2G -Xms100m -Xlog:disable -javaagent:c:\Users\Mega Store\.vscode\extensions\redhat.java-1.50.0-win32-x64\lombok\lombok-1.18.39-4050.jar -XX:+HeapDumpOnOutOfMemoryError -XX:HeapDumpPath=c:\Users\Mega Store\AppData\Roaming\Code\User\workspaceStorage\139c7215841c16aeddf95d33c763f8ab\redhat.java -Daether.dependencyCollector.impl=bf c:\Users\Mega Store\.vscode\extensions\redhat.java-1.50.0-win32-x64\server\plugins\org.eclipse.equinox.launcher_1.7.100.v20251111-0406.jar -configuration c:\Users\Mega Store\AppData\Roaming\Code\User\globalStorage\redhat.java\1.50.0\config_win -data c:\Users\Mega Store\AppData\Roaming\Code\User\workspaceStorage\139c7215841c16aeddf95d33c763f8ab\redhat.java\jdt_ws --pipe=\\.\pipe\lsp-c9a2ccef1b21f618af0bb5902fc0cc06-sock

Host: Intel(R) Xeon(R) E-2186M  CPU @ 2.90GHz, 12 cores, 15G,  Windows 11 , 64 bit Build 26100 (10.0.26100.7309)
Time: Mon Dec 22 06:58:46 2025 Egypt Standard Time elapsed time: 2384.754912 seconds (0d 0h 39m 44s)

---------------  T H R E A D  ---------------

Current thread (0x00000290bda23420):  JavaThread "Attach Listener" daemon [_thread_in_vm, id=13276, stack(0x000000d98a000000,0x000000d98a100000) (1024K)]

Stack: [0x000000d98a000000,0x000000d98a100000]
Native frames: (J=compiled Java code, j=interpreted, Vv=VM code, C=native code)
V  [jvm.dll+0x6d6e29]
V  [jvm.dll+0x8b4b76]
V  [jvm.dll+0x8b712e]
V  [jvm.dll+0x8b7813]
V  [jvm.dll+0x283d86]
V  [jvm.dll+0xc1277]
V  [jvm.dll+0x6d76d9]
V  [jvm.dll+0x133466]
V  [jvm.dll+0x3f7ea6]
V  [jvm.dll+0x85e9ad]
V  [jvm.dll+0x6d565d]
C  [ucrtbase.dll+0x37b0]
C  [KERNEL32.DLL+0x2e8d7]
C  [ntdll.dll+0x8c53c]


---------------  P R O C E S S  ---------------

Threads class SMR info:
_java_thread_list=0x000002911fee15f0, length=39, elements={
0x00000290bda85bb0, 0x00000290bda193a0, 0x00000290bdb3cda0, 0x00000290bda22750,
0x00000290bda23420, 0x00000290bda26c40, 0x00000290bda2a460, 0x00000290bda2e890,
0x00000291167a4fe0, 0x000002911698c1b0, 0x0000029116ae9ae0, 0x00000291179d2960,
0x00000291179be180, 0x0000029117b0dfd0, 0x0000029117b0ea00, 0x000002911c61c450,
0x000002911c308cb0, 0x000002911785f640, 0x000002911c1da6f0, 0x000002911c1dad80,
0x000002911c1dc130, 0x000002911c1dbaa0, 0x000002911c1dc7c0, 0x000002911c1dd4e0,
0x000002911ed1f240, 0x000002911ed219a0, 0x000002911ed22d50, 0x000002911ed226c0,
0x000002911ed1f8d0, 0x000002911ed205f0, 0x000002911ed1ff60, 0x000002911ed233e0,
0x000002911ed23a70, 0x000002911ed24100, 0x000002911ed20c80, 0x000002911ed21310,
0x000002911ed24790, 0x000002911ed24e20, 0x000002911ed26860
}

Java Threads: ( => current thread )
  0x00000290bda85bb0 JavaThread "main"                              [_thread_blocked, id=22268, stack(0x000000d989900000,0x000000d989a00000) (1024K)]
  0x00000290bda193a0 JavaThread "Reference Handler"          daemon [_thread_blocked, id=26608, stack(0x000000d989d00000,0x000000d989e00000) (1024K)]
  0x00000290bdb3cda0 JavaThread "Finalizer"                  daemon [_thread_blocked, id=5884, stack(0x000000d989e00000,0x000000d989f00000) (1024K)]
  0x00000290bda22750 JavaThread "Signal Dispatcher"          daemon [_thread_blocked, id=20856, stack(0x000000d989f00000,0x000000d98a000000) (1024K)]
=>0x00000290bda23420 JavaThread "Attach Listener"            daemon [_thread_in_vm, id=13276, stack(0x000000d98a000000,0x000000d98a100000) (1024K)]
  0x00000290bda26c40 JavaThread "Service Thread"             daemon [_thread_blocked, id=12328, stack(0x000000d98a100000,0x000000d98a200000) (1024K)]
  0x00000290bda2a460 JavaThread "Monitor Deflation Thread"   daemon [_thread_blocked, id=14052, stack(0x000000d98a200000,0x000000d98a300000) (1024K)]
  0x00000290bda2e890 JavaThread "C2 CompilerThread0"         daemon [_thread_blocked, id=16928, stack(0x000000d98a300000,0x000000d98a400000) (1024K)]
  0x00000291167a4fe0 JavaThread "C1 CompilerThread0"         daemon [_thread_blocked, id=3548, stack(0x000000d98a400000,0x000000d98a500000) (1024K)]
  0x000002911698c1b0 JavaThread "Common-Cleaner"             daemon [_thread_blocked, id=19832, stack(0x000000d98a600000,0x000000d98a700000) (1024K)]
  0x0000029116ae9ae0 JavaThread "Notification Thread"        daemon [_thread_blocked, id=1496, stack(0x000000d98a700000,0x000000d98a800000) (1024K)]
  0x00000291179d2960 JavaThread "Active Thread: Equinox Container: f497f303-874d-42dd-bb5c-4bda8492f71a"        [_thread_blocked, id=20872, stack(0x000000d98af00000,0x000000d98b000000) (1024K)]
  0x00000291179be180 JavaThread "Refresh Thread: Equinox Container: f497f303-874d-42dd-bb5c-4bda8492f71a" daemon [_thread_blocked, id=21020, stack(0x000000d98a500000,0x000000d98a600000) (1024K)]
  0x0000029117b0dfd0 JavaThread "Framework Event Dispatcher: Equinox Container: f497f303-874d-42dd-bb5c-4bda8492f71a" daemon [_thread_blocked, id=1448, stack(0x000000d98b000000,0x000000d98b100000) (1024K)]
  0x0000029117b0ea00 JavaThread "Start Level: Equinox Container: f497f303-874d-42dd-bb5c-4bda8492f71a" daemon [_thread_blocked, id=29556, stack(0x000000d98b100000,0x000000d98b200000) (1024K)]
  0x000002911c61c450 JavaThread "Bundle File Closer"         daemon [_thread_blocked, id=9356, stack(0x000000d98b200000,0x000000d98b300000) (1024K)]
  0x000002911c308cb0 JavaThread "SCR Component Actor"        daemon [_thread_blocked, id=18216, stack(0x000000d98b500000,0x000000d98b600000) (1024K)]
  0x000002911785f640 JavaThread "Worker-JM"                         [_thread_blocked, id=21756, stack(0x000000d98b800000,0x000000d98b900000) (1024K)]
  0x000002911c1da6f0 JavaThread "Java indexing"              daemon [_thread_blocked, id=9452, stack(0x000000d98bb00000,0x000000d98bc00000) (1024K)]
  0x000002911c1dad80 JavaThread "Worker-3"                          [_thread_blocked, id=16940, stack(0x000000d98bd00000,0x000000d98be00000) (1024K)]
  0x000002911c1dc130 JavaThread "JNA Cleaner"                daemon [_thread_blocked, id=19268, stack(0x000000d98be00000,0x000000d98bf00000) (1024K)]
  0x000002911c1dbaa0 JavaThread "Worker-4"                          [_thread_blocked, id=14700, stack(0x000000d98c200000,0x000000d98c300000) (1024K)]
  0x000002911c1dc7c0 JavaThread "Thread-1"                   daemon [_thread_in_native, id=15344, stack(0x000000d98c400000,0x000000d98c500000) (1024K)]
  0x000002911c1dd4e0 JavaThread "Thread-2"                   daemon [_thread_in_native, id=3024, stack(0x000000d98c500000,0x000000d98c600000) (1024K)]
  0x000002911ed1f240 JavaThread "Thread-3"                   daemon [_thread_in_native, id=25940, stack(0x000000d98c600000,0x000000d98c700000) (1024K)]
  0x000002911ed219a0 JavaThread "Thread-4"                   daemon [_thread_in_native, id=23232, stack(0x000000d98c700000,0x000000d98c800000) (1024K)]
  0x000002911ed22d50 JavaThread "Thread-5"                   daemon [_thread_in_native, id=20272, stack(0x000000d98c800000,0x000000d98c900000) (1024K)]
  0x000002911ed226c0 JavaThread "Thread-6"                   daemon [_thread_in_native, id=22792, stack(0x000000d98c900000,0x000000d98ca00000) (1024K)]
  0x000002911ed1f8d0 JavaThread "Thread-7"                   daemon [_thread_in_native, id=6580, stack(0x000000d98ca00000,0x000000d98cb00000) (1024K)]
  0x000002911ed205f0 JavaThread "Thread-8"                   daemon [_thread_in_native, id=26092, stack(0x000000d98cb00000,0x000000d98cc00000) (1024K)]
  0x000002911ed1ff60 JavaThread "Thread-9"                   daemon [_thread_in_native, id=20896, stack(0x000000d98cc00000,0x000000d98cd00000) (1024K)]
  0x000002911ed233e0 JavaThread "Thread-10"                  daemon [_thread_in_native, id=10324, stack(0x000000d98cd00000,0x000000d98ce00000) (1024K)]
  0x000002911ed23a70 JavaThread "Thread-11"                  daemon [_thread_in_native, id=1124, stack(0x000000d98ce00000,0x000000d98cf00000) (1024K)]
  0x000002911ed24100 JavaThread "Thread-12"                  daemon [_thread_in_native, id=6932, stack(0x000000d98cf00000,0x000000d98d000000) (1024K)]
  0x000002911ed20c80 JavaThread "Thread-13"                  daemon [_thread_in_native, id=14264, stack(0x000000d98d000000,0x000000d98d100000) (1024K)]
  0x000002911ed21310 JavaThread "pool-2-thread-1"                   [_thread_blocked, id=16448, stack(0x000000d98d100000,0x000000d98d200000) (1024K)]
  0x000002911ed24790 JavaThread "WorkspaceEventsHandler"            [_thread_blocked, id=2936, stack(0x000000d98d300000,0x000000d98d400000) (1024K)]
  0x000002911ed24e20 JavaThread "pool-1-thread-1"                   [_thread_blocked, id=10036, stack(0x000000d98d400000,0x000000d98d500000) (1024K)]
  0x000002911ed26860 JavaThread "Cleaner-0"                  daemon [_thread_blocked, id=13584, stack(0x000000d98b700000,0x000000d98b800000) (1024K)]
Total: 39

Other Threads:
  0x00000290bdb27790 VMThread "VM Thread"                           [id=19032, stack(0x000000d989c00000,0x000000d989d00000) (1024K)]
  0x00000290bd90ca10 WatcherThread "VM Periodic Task Thread"        [id=12812, stack(0x000000d989b00000,0x000000d989c00000) (1024K)]
  0x00000290bdaa4020 WorkerThread "GC Thread#0"                     [id=22068, stack(0x000000d989a00000,0x000000d989b00000) (1024K)]
  0x0000029117ecf2b0 WorkerThread "GC Thread#1"                     [id=5556, stack(0x000000d98a900000,0x000000d98aa00000) (1024K)]
  0x0000029117e83110 WorkerThread "GC Thread#2"                     [id=27860, stack(0x000000d98aa00000,0x000000d98ab00000) (1024K)]
  0x0000029117e93870 WorkerThread "GC Thread#3"                     [id=28356, stack(0x000000d98ab00000,0x000000d98ac00000) (1024K)]
  0x0000029117e94010 WorkerThread "GC Thread#4"                     [id=13232, stack(0x000000d98ac00000,0x000000d98ad00000) (1024K)]
  0x0000029117ead280 WorkerThread "GC Thread#5"                     [id=19400, stack(0x000000d98ad00000,0x000000d98ae00000) (1024K)]
  0x00000291179bad20 WorkerThread "GC Thread#6"                     [id=27072, stack(0x000000d98ae00000,0x000000d98af00000) (1024K)]
  0x00000291179bc2e0 WorkerThread "GC Thread#7"                     [id=9000, stack(0x000000d98a800000,0x000000d98a900000) (1024K)]
  0x00000291179bb800 WorkerThread "GC Thread#8"                     [id=17640, stack(0x000000d98b300000,0x000000d98b400000) (1024K)]
  0x00000291179bb460 WorkerThread "GC Thread#9"                     [id=29920, stack(0x000000d98b400000,0x000000d98b500000) (1024K)]
Total: 12

Threads with active compile tasks:
Total: 0

VM state: not at safepoint (normal execution)

VM Mutex/Monitor currently owned by a thread: None

Heap address: 0x0000000080000000, size: 2048 MB, Compressed Oops mode: 32-bit

CDS archive(s) mapped at: [0x00000290d5000000-0x00000290d5ba0000-0x00000290d5ba0000), size 12189696, SharedBaseAddress: 0x00000290d5000000, ArchiveRelocationMode: 1.
Compressed class space mapped at: 0x00000290d6000000-0x0000029116000000, reserved size: 1073741824
Narrow klass base: 0x00000290d5000000, Narrow klass shift: 0, Narrow klass range: 0x100000000

GC Precious Log:
 CardTable entry size: 512
 CPUs: 12 total, 12 available
 Memory: 16189M
 Large Page Support: Disabled
 NUMA Support: Disabled
 Compressed Oops: Enabled (32-bit)
 Alignments: Space 512K, Generation 512K, Heap 2M
 Heap Min Capacity: 100M
 Heap Initial Capacity: 100M
 Heap Max Capacity: 2G
 Pre-touch: Disabled
 Parallel Workers: 10

Heap:
 PSYoungGen      total 8192K, used 7628K [0x00000000d5580000, 0x00000000d6000000, 0x0000000100000000)
  eden space 7168K, 95% used [0x00000000d5580000,0x00000000d5c269a8,0x00000000d5c80000)
  from space 1024K, 79% used [0x00000000d5e80000,0x00000000d5f4c900,0x00000000d5f80000)
  to   space 512K, 0% used [0x00000000d5f80000,0x00000000d5f80000,0x00000000d6000000)
 ParOldGen       total 497664K, used 497350K [0x0000000080000000, 0x000000009e600000, 0x00000000d5580000)
  object space 497664K, 99% used [0x0000000080000000,0x000000009e5b1ac8,0x000000009e600000)
 Metaspace       used 67274K, committed 68608K, reserved 1114112K
  class space    used 7263K, committed 7808K, reserved 1048576K

Card table byte_map: [0x00000290bd420000,0x00000290bd830000] _byte_map_base: 0x00000290bd020000

Marking Bits: (ParMarkBitMap*) 0x00007ffe3e802460
 Begin Bits: [0x00000290cff30000, 0x00000290d1f30000)
 End Bits:   [0x00000290d1f30000, 0x00000290d3f30000)

Polling page: 0x00000290bb8c0000

Metaspace:

Usage:
  Non-class:     58.60 MB used.
      Class:      7.09 MB used.
       Both:     65.70 MB used.

Virtual space:
  Non-class space:       64.00 MB reserved,      59.38 MB ( 93%) committed,  1 nodes.
      Class space:        1.00 GB reserved,       7.62 MB ( <1%) committed,  1 nodes.
             Both:        1.06 GB reserved,      67.00 MB (  6%) committed. 

Chunk freelists:
   Non-Class:  4.39 MB
       Class:  8.33 MB
        Both:  12.72 MB

MaxMetaspaceSize: unlimited
CompressedClassSpaceSize: 1.00 GB
Initial GC threshold: 21.00 MB
Current GC threshold: 97.31 MB
CDS: on
 - commit_granule_bytes: 65536.
 - commit_granule_words: 8192.
 - virtual_space_node_default_size: 8388608.
 - enlarge_chunks_in_place: 1.
 - use_allocation_guard: 0.


Internal statistics:

num_allocs_failed_limit: 9.
num_arena_births: 1032.
num_arena_deaths: 14.
num_vsnodes_births: 2.
num_vsnodes_deaths: 0.
num_space_committed: 1072.
num_space_uncommitted: 0.
num_chunks_returned_to_freelist: 23.
num_chunks_taken_from_freelist: 3946.
num_chunk_merges: 14.
num_chunk_splits: 2427.
num_chunks_enlarged: 1383.
num_inconsistent_stats: 0.

CodeHeap 'non-profiled nmethods': size=120000Kb used=6876Kb max_used=6876Kb free=113123Kb
 bounds [0x00000290c8750000, 0x00000290c8e10000, 0x00000290cfc80000]
CodeHeap 'profiled nmethods': size=120000Kb used=18351Kb max_used=18351Kb free=101648Kb
 bounds [0x00000290c0c80000, 0x00000290c1e70000, 0x00000290c81b0000]
CodeHeap 'non-nmethods': size=5760Kb used=1491Kb max_used=1612Kb free=4268Kb
 bounds [0x00000290c81b0000, 0x00000290c8420000, 0x00000290c8750000]
CodeCache: size=245760Kb, used=26718Kb, max_used=26839Kb, free=219039Kb
 total_blobs=9512, nmethods=8700, adapters=718, full_count=0
Compilation: enabled, stopped_count=0, restarted_count=0

Compilation events (20 events):
Event: 2120.283 Thread 0x00000290bda2e890 9515       4       org.lombokweb.asm.MethodVisitor::visitVarInsn (17 bytes)
Event: 2120.288 Thread 0x00000291206276f0 nmethod 9519 0x00000290c8deeb10 code [0x00000290c8deed00, 0x00000290c8def278]
Event: 2120.291 Thread 0x00000291206276f0 9502       4       java.util.regex.Pattern$GroupHead::match (47 bytes)
Event: 2120.295 Thread 0x00000291206276f0 nmethod 9502 0x00000290c8def690 code [0x00000290c8def820, 0x00000290c8def9a8]
Event: 2120.295 Thread 0x00000291206276f0 9520       4       org.lombokweb.asm.ByteVector::put12 (64 bytes)
Event: 2120.296 Thread 0x00000290bda2e890 nmethod 9515 0x00000290c8defb10 code [0x00000290c8defd00, 0x00000290c8df02c8]
Event: 2120.296 Thread 0x00000290bda2e890 9511       4       org.lombokweb.asm.SymbolTable::addConstantUtf8Reference (20 bytes)
Event: 2120.297 Thread 0x00000291206276f0 nmethod 9520 0x00000290c8df0710 code [0x00000290c8df08c0, 0x00000290c8df0ab8]
Event: 2120.298 Thread 0x00000291206276f0 9521       4       java.util.regex.Pattern$GroupTail::match (111 bytes)
Event: 2120.302 Thread 0x00000290bda2e890 nmethod 9511 0x00000290c8df0c10 code [0x00000290c8df0dc0, 0x00000290c8df1098]
Event: 2120.303 Thread 0x00000290bda2e890 9516       4       org.lombokweb.asm.ByteVector::put11 (52 bytes)
Event: 2120.303 Thread 0x00000291206276f0 nmethod 9521 0x00000290c8df1310 code [0x00000290c8df14c0, 0x00000290c8df1768]
Event: 2120.303 Thread 0x00000291206276f0 9492       4       lombok.launch.PatchFixesHider$Delegate::isDelegateSourceMethod (21 bytes)
Event: 2120.306 Thread 0x00000290bda2e890 nmethod 9516 0x00000290c8df1990 code [0x00000290c8df1b40, 0x00000290c8df1d08]
Event: 2120.306 Thread 0x00000290bda2e890 9489   !   4       lombok.launch.PatchFixesHider$Util::invokeMethod (22 bytes)
Event: 2120.312 Thread 0x00000291206276f0 nmethod 9492 0x00000290c8df1e90 code [0x00000290c8df20e0, 0x00000290c8df2708]
Event: 2120.328 Thread 0x00000290bda2e890 nmethod 9489 0x00000290c8df2d10 code [0x00000290c8df3160, 0x00000290c8df44a0]
Event: 2120.587 Thread 0x0000029120628490 nmethod 9474 0x00000290c8df5810 code [0x00000290c8df6600, 0x00000290c8e00db0]
Event: 2282.599 Thread 0x00000291167a4fe0 9558       1       org.eclipse.osgi.internal.framework.EquinoxContainer::getStorage (5 bytes)
Event: 2282.600 Thread 0x00000291167a4fe0 nmethod 9558 0x00000290c8e06d90 code [0x00000290c8e06f20, 0x00000290c8e06fe8]

GC Heap History (20 events):
Event: 45.116 GC heap before
{Heap before GC invocations=409 (full 3):
 PSYoungGen      total 4608K, used 4544K [0x00000000d5580000, 0x00000000d5d80000, 0x0000000100000000)
  eden space 2560K, 100% used [0x00000000d5580000,0x00000000d5800000,0x00000000d5800000)
  from space 2048K, 96% used [0x00000000d5800000,0x00000000d59f0000,0x00000000d5a00000)
  to   space 2560K, 0% used [0x00000000d5b00000,0x00000000d5b00000,0x00000000d5d80000)
 ParOldGen       total 472576K, used 472233K [0x0000000080000000, 0x000000009cd80000, 0x00000000d5580000)
  object space 472576K, 99% used [0x0000000080000000,0x000000009cd2a6f8,0x000000009cd80000)
 Metaspace       used 64764K, committed 66176K, reserved 1114112K
  class space    used 7062K, committed 7616K, reserved 1048576K
}
Event: 45.120 GC heap after
{Heap after GC invocations=409 (full 3):
 PSYoungGen      total 5632K, used 2112K [0x00000000d5580000, 0x00000000d5d80000, 0x0000000100000000)
  eden space 3072K, 0% used [0x00000000d5580000,0x00000000d5580000,0x00000000d5880000)
  from space 2560K, 82% used [0x00000000d5b00000,0x00000000d5d10000,0x00000000d5d80000)
  to   space 2560K, 0% used [0x00000000d5880000,0x00000000d5880000,0x00000000d5b00000)
 ParOldGen       total 474112K, used 474089K [0x0000000080000000, 0x000000009cf00000, 0x00000000d5580000)
  object space 474112K, 99% used [0x0000000080000000,0x000000009cefa6f8,0x000000009cf00000)
 Metaspace       used 64764K, committed 66176K, reserved 1114112K
  class space    used 7062K, committed 7616K, reserved 1048576K
}
Event: 45.135 GC heap before
{Heap before GC invocations=410 (full 3):
 PSYoungGen      total 5632K, used 5184K [0x00000000d5580000, 0x00000000d5d80000, 0x0000000100000000)
  eden space 3072K, 100% used [0x00000000d5580000,0x00000000d5880000,0x00000000d5880000)
  from space 2560K, 82% used [0x00000000d5b00000,0x00000000d5d10000,0x00000000d5d80000)
  to   space 2560K, 0% used [0x00000000d5880000,0x00000000d5880000,0x00000000d5b00000)
 ParOldGen       total 474112K, used 474089K [0x0000000080000000, 0x000000009cf00000, 0x00000000d5580000)
  object space 474112K, 99% used [0x0000000080000000,0x000000009cefa6f8,0x000000009cf00000)
 Metaspace       used 64764K, committed 66176K, reserved 1114112K
  class space    used 7062K, committed 7616K, reserved 1048576K
}
Event: 45.140 GC heap after
{Heap after GC invocations=410 (full 3):
 PSYoungGen      total 5632K, used 2496K [0x00000000d5580000, 0x00000000d5f80000, 0x0000000100000000)
  eden space 3072K, 0% used [0x00000000d5580000,0x00000000d5580000,0x00000000d5880000)
  from space 2560K, 97% used [0x00000000d5880000,0x00000000d5af0000,0x00000000d5b00000)
  to   space 3072K, 0% used [0x00000000d5c80000,0x00000000d5c80000,0x00000000d5f80000)
 ParOldGen       total 476160K, used 476089K [0x0000000080000000, 0x000000009d100000, 0x00000000d5580000)
  object space 476160K, 99% used [0x0000000080000000,0x000000009d0ee6f8,0x000000009d100000)
 Metaspace       used 64764K, committed 66176K, reserved 1114112K
  class space    used 7062K, committed 7616K, reserved 1048576K
}
Event: 45.150 GC heap before
{Heap before GC invocations=411 (full 3):
 PSYoungGen      total 5632K, used 5568K [0x00000000d5580000, 0x00000000d5f80000, 0x0000000100000000)
  eden space 3072K, 100% used [0x00000000d5580000,0x00000000d5880000,0x00000000d5880000)
  from space 2560K, 97% used [0x00000000d5880000,0x00000000d5af0000,0x00000000d5b00000)
  to   space 3072K, 0% used [0x00000000d5c80000,0x00000000d5c80000,0x00000000d5f80000)
 ParOldGen       total 476160K, used 476089K [0x0000000080000000, 0x000000009d100000, 0x00000000d5580000)
  object space 476160K, 99% used [0x0000000080000000,0x000000009d0ee6f8,0x000000009d100000)
 Metaspace       used 64764K, committed 66176K, reserved 1114112K
  class space    used 7062K, committed 7616K, reserved 1048576K
}
Event: 45.159 GC heap after
{Heap after GC invocations=411 (full 3):
 PSYoungGen      total 6656K, used 2496K [0x00000000d5580000, 0x00000000d5f00000, 0x0000000100000000)
  eden space 4096K, 0% used [0x00000000d5580000,0x00000000d5580000,0x00000000d5980000)
  from space 2560K, 97% used [0x00000000d5c80000,0x00000000d5ef0000,0x00000000d5f00000)
  to   space 2560K, 0% used [0x00000000d5a00000,0x00000000d5a00000,0x00000000d5c80000)
 ParOldGen       total 478720K, used 478489K [0x0000000080000000, 0x000000009d380000, 0x00000000d5580000)
  object space 478720K, 99% used [0x0000000080000000,0x000000009d3466f8,0x000000009d380000)
 Metaspace       used 64764K, committed 66176K, reserved 1114112K
  class space    used 7062K, committed 7616K, reserved 1048576K
}
Event: 45.176 GC heap before
{Heap before GC invocations=412 (full 3):
 PSYoungGen      total 6656K, used 6592K [0x00000000d5580000, 0x00000000d5f00000, 0x0000000100000000)
  eden space 4096K, 100% used [0x00000000d5580000,0x00000000d5980000,0x00000000d5980000)
  from space 2560K, 97% used [0x00000000d5c80000,0x00000000d5ef0000,0x00000000d5f00000)
  to   space 2560K, 0% used [0x00000000d5a00000,0x00000000d5a00000,0x00000000d5c80000)
 ParOldGen       total 478720K, used 478489K [0x0000000080000000, 0x000000009d380000, 0x00000000d5580000)
  object space 478720K, 99% used [0x0000000080000000,0x000000009d3466f8,0x000000009d380000)
 Metaspace       used 64764K, committed 66176K, reserved 1114112K
  class space    used 7062K, committed 7616K, reserved 1048576K
}
Event: 45.182 GC heap after
{Heap after GC invocations=412 (full 3):
 PSYoungGen      total 7168K, used 2560K [0x00000000d5580000, 0x00000000d6680000, 0x0000000100000000)
  eden space 4608K, 0% used [0x00000000d5580000,0x00000000d5580000,0x00000000d5a00000)
  from space 2560K, 100% used [0x00000000d5a00000,0x00000000d5c80000,0x00000000d5c80000)
  to   space 6144K, 0% used [0x00000000d6080000,0x00000000d6080000,0x00000000d6680000)
 ParOldGen       total 481792K, used 481409K [0x0000000080000000, 0x000000009d680000, 0x00000000d5580000)
  object space 481792K, 99% used [0x0000000080000000,0x000000009d6206f8,0x000000009d680000)
 Metaspace       used 64764K, committed 66176K, reserved 1114112K
  class space    used 7062K, committed 7616K, reserved 1048576K
}
Event: 45.202 GC heap before
{Heap before GC invocations=413 (full 3):
 PSYoungGen      total 7168K, used 7168K [0x00000000d5580000, 0x00000000d6680000, 0x0000000100000000)
  eden space 4608K, 100% used [0x00000000d5580000,0x00000000d5a00000,0x00000000d5a00000)
  from space 2560K, 100% used [0x00000000d5a00000,0x00000000d5c80000,0x00000000d5c80000)
  to   space 6144K, 0% used [0x00000000d6080000,0x00000000d6080000,0x00000000d6680000)
 ParOldGen       total 481792K, used 481409K [0x0000000080000000, 0x000000009d680000, 0x00000000d5580000)
  object space 481792K, 99% used [0x0000000080000000,0x000000009d6206f8,0x000000009d680000)
 Metaspace       used 64764K, committed 66176K, reserved 1114112K
  class space    used 7062K, committed 7616K, reserved 1048576K
}
Event: 45.208 GC heap after
{Heap after GC invocations=413 (full 3):
 PSYoungGen      total 9728K, used 3680K [0x00000000d5580000, 0x00000000d6480000, 0x0000000100000000)
  eden space 5632K, 0% used [0x00000000d5580000,0x00000000d5580000,0x00000000d5b00000)
  from space 4096K, 89% used [0x00000000d6080000,0x00000000d6418000,0x00000000d6480000)
  to   space 4608K, 0% used [0x00000000d5b80000,0x00000000d5b80000,0x00000000d6000000)
 ParOldGen       total 484352K, used 484017K [0x0000000080000000, 0x000000009d900000, 0x00000000d5580000)
  object space 484352K, 99% used [0x0000000080000000,0x000000009d8ac6f8,0x000000009d900000)
 Metaspace       used 64764K, committed 66176K, reserved 1114112K
  class space    used 7062K, committed 7616K, reserved 1048576K
}
Event: 45.224 GC heap before
{Heap before GC invocations=414 (full 3):
 PSYoungGen      total 9728K, used 9312K [0x00000000d5580000, 0x00000000d6480000, 0x0000000100000000)
  eden space 5632K, 100% used [0x00000000d5580000,0x00000000d5b00000,0x00000000d5b00000)
  from space 4096K, 89% used [0x00000000d6080000,0x00000000d6418000,0x00000000d6480000)
  to   space 4608K, 0% used [0x00000000d5b80000,0x00000000d5b80000,0x00000000d6000000)
 ParOldGen       total 484352K, used 484017K [0x0000000080000000, 0x000000009d900000, 0x00000000d5580000)
  object space 484352K, 99% used [0x0000000080000000,0x000000009d8ac6f8,0x000000009d900000)
 Metaspace       used 64764K, committed 66176K, reserved 1114112K
  class space    used 7062K, committed 7616K, reserved 1048576K
}
Event: 45.231 GC heap after
{Heap after GC invocations=414 (full 3):
 PSYoungGen      total 10752K, used 4448K [0x00000000d5580000, 0x00000000d6580000, 0x0000000100000000)
  eden space 6144K, 0% used [0x00000000d5580000,0x00000000d5580000,0x00000000d5b80000)
  from space 4608K, 96% used [0x00000000d5b80000,0x00000000d5fd8000,0x00000000d6000000)
  to   space 4608K, 0% used [0x00000000d6100000,0x00000000d6100000,0x00000000d6580000)
 ParOldGen       total 487936K, used 487561K [0x0000000080000000, 0x000000009dc80000, 0x00000000d5580000)
  object space 487936K, 99% used [0x0000000080000000,0x000000009dc226f8,0x000000009dc80000)
 Metaspace       used 64764K, committed 66176K, reserved 1114112K
  class space    used 7062K, committed 7616K, reserved 1048576K
}
Event: 335.354 GC heap before
{Heap before GC invocations=415 (full 3):
 PSYoungGen      total 10752K, used 10592K [0x00000000d5580000, 0x00000000d6580000, 0x0000000100000000)
  eden space 6144K, 100% used [0x00000000d5580000,0x00000000d5b80000,0x00000000d5b80000)
  from space 4608K, 96% used [0x00000000d5b80000,0x00000000d5fd8000,0x00000000d6000000)
  to   space 4608K, 0% used [0x00000000d6100000,0x00000000d6100000,0x00000000d6580000)
 ParOldGen       total 487936K, used 487561K [0x0000000080000000, 0x000000009dc80000, 0x00000000d5580000)
  object space 487936K, 99% used [0x0000000080000000,0x000000009dc226f8,0x000000009dc80000)
 Metaspace       used 64778K, committed 66176K, reserved 1114112K
  class space    used 7063K, committed 7616K, reserved 1048576K
}
Event: 335.361 GC heap after
{Heap after GC invocations=415 (full 3):
 PSYoungGen      total 11776K, used 4480K [0x00000000d5580000, 0x00000000d6600000, 0x0000000100000000)
  eden space 7168K, 0% used [0x00000000d5580000,0x00000000d5580000,0x00000000d5c80000)
  from space 4608K, 97% used [0x00000000d6100000,0x00000000d6560000,0x00000000d6580000)
  to   space 4608K, 0% used [0x00000000d5c80000,0x00000000d5c80000,0x00000000d6100000)
 ParOldGen       total 492032K, used 491881K [0x0000000080000000, 0x000000009e080000, 0x00000000d5580000)
  object space 492032K, 99% used [0x0000000080000000,0x000000009e05a6f8,0x000000009e080000)
 Metaspace       used 64778K, committed 66176K, reserved 1114112K
  class space    used 7063K, committed 7616K, reserved 1048576K
}
Event: 2119.084 GC heap before
{Heap before GC invocations=416 (full 3):
 PSYoungGen      total 11776K, used 11648K [0x00000000d5580000, 0x00000000d6600000, 0x0000000100000000)
  eden space 7168K, 100% used [0x00000000d5580000,0x00000000d5c80000,0x00000000d5c80000)
  from space 4608K, 97% used [0x00000000d6100000,0x00000000d6560000,0x00000000d6580000)
  to   space 4608K, 0% used [0x00000000d5c80000,0x00000000d5c80000,0x00000000d6100000)
 ParOldGen       total 492032K, used 491881K [0x0000000080000000, 0x000000009e080000, 0x00000000d5580000)
  object space 492032K, 99% used [0x0000000080000000,0x000000009e05a6f8,0x000000009e080000)
 Metaspace       used 65696K, committed 67072K, reserved 1114112K
  class space    used 7133K, committed 7680K, reserved 1048576K
}
Event: 2119.090 GC heap after
{Heap after GC invocations=416 (full 3):
 PSYoungGen      total 7680K, used 448K [0x00000000d5580000, 0x00000000d6180000, 0x0000000100000000)
  eden space 7168K, 0% used [0x00000000d5580000,0x00000000d5580000,0x00000000d5c80000)
  from space 512K, 87% used [0x00000000d5c80000,0x00000000d5cf0000,0x00000000d5d00000)
  to   space 2048K, 0% used [0x00000000d5f80000,0x00000000d5f80000,0x00000000d6180000)
 ParOldGen       total 496640K, used 496265K [0x0000000080000000, 0x000000009e500000, 0x00000000d5580000)
  object space 496640K, 99% used [0x0000000080000000,0x000000009e4a26f8,0x000000009e500000)
 Metaspace       used 65696K, committed 67072K, reserved 1114112K
  class space    used 7133K, committed 7680K, reserved 1048576K
}
Event: 2119.238 GC heap before
{Heap before GC invocations=417 (full 3):
 PSYoungGen      total 7680K, used 7616K [0x00000000d5580000, 0x00000000d6180000, 0x0000000100000000)
  eden space 7168K, 100% used [0x00000000d5580000,0x00000000d5c80000,0x00000000d5c80000)
  from space 512K, 87% used [0x00000000d5c80000,0x00000000d5cf0000,0x00000000d5d00000)
  to   space 2048K, 0% used [0x00000000d5f80000,0x00000000d5f80000,0x00000000d6180000)
 ParOldGen       total 496640K, used 496265K [0x0000000080000000, 0x000000009e500000, 0x00000000d5580000)
  object space 496640K, 99% used [0x0000000080000000,0x000000009e4a26f8,0x000000009e500000)
 Metaspace       used 66206K, committed 67584K, reserved 1114112K
  class space    used 7177K, committed 7744K, reserved 1048576K
}
Event: 2119.239 GC heap after
{Heap after GC invocations=417 (full 3):
 PSYoungGen      total 8192K, used 896K [0x00000000d5580000, 0x00000000d6080000, 0x0000000100000000)
  eden space 7168K, 0% used [0x00000000d5580000,0x00000000d5580000,0x00000000d5c80000)
  from space 1024K, 87% used [0x00000000d5f80000,0x00000000d6060000,0x00000000d6080000)
  to   space 1024K, 0% used [0x00000000d5e80000,0x00000000d5e80000,0x00000000d5f80000)
 ParOldGen       total 496640K, used 496601K [0x0000000080000000, 0x000000009e500000, 0x00000000d5580000)
  object space 496640K, 99% used [0x0000000080000000,0x000000009e4f66f8,0x000000009e500000)
 Metaspace       used 66206K, committed 67584K, reserved 1114112K
  class space    used 7177K, committed 7744K, reserved 1048576K
}
Event: 2119.816 GC heap before
{Heap before GC invocations=418 (full 3):
 PSYoungGen      total 8192K, used 8064K [0x00000000d5580000, 0x00000000d6080000, 0x0000000100000000)
  eden space 7168K, 100% used [0x00000000d5580000,0x00000000d5c80000,0x00000000d5c80000)
  from space 1024K, 87% used [0x00000000d5f80000,0x00000000d6060000,0x00000000d6080000)
  to   space 1024K, 0% used [0x00000000d5e80000,0x00000000d5e80000,0x00000000d5f80000)
 ParOldGen       total 496640K, used 496601K [0x0000000080000000, 0x000000009e500000, 0x00000000d5580000)
  object space 496640K, 99% used [0x0000000080000000,0x000000009e4f66f8,0x000000009e500000)
 Metaspace       used 67029K, committed 68416K, reserved 1114112K
  class space    used 7246K, committed 7808K, reserved 1048576K
}
Event: 2119.820 GC heap after
{Heap after GC invocations=418 (full 3):
 PSYoungGen      total 8192K, used 818K [0x00000000d5580000, 0x00000000d6000000, 0x0000000100000000)
  eden space 7168K, 0% used [0x00000000d5580000,0x00000000d5580000,0x00000000d5c80000)
  from space 1024K, 79% used [0x00000000d5e80000,0x00000000d5f4c900,0x00000000d5f80000)
  to   space 512K, 0% used [0x00000000d5f80000,0x00000000d5f80000,0x00000000d6000000)
 ParOldGen       total 497664K, used 497350K [0x0000000080000000, 0x000000009e600000, 0x00000000d5580000)
  object space 497664K, 99% used [0x0000000080000000,0x000000009e5b1ac8,0x000000009e600000)
 Metaspace       used 67029K, committed 68416K, reserved 1114112K
  class space    used 7246K, committed 7808K, reserved 1048576K
}

Dll operation events (14 events):
Event: 0.605 Loaded shared library c:\Users\Mega Store\.vscode\extensions\redhat.java-1.50.0-win32-x64\jre\21.0.9-win32-x86_64\bin\java.dll
Event: 0.673 Loaded shared library c:\Users\Mega Store\.vscode\extensions\redhat.java-1.50.0-win32-x64\jre\21.0.9-win32-x86_64\bin\zip.dll
Event: 0.702 Loaded shared library C:\Users\Mega Store\.vscode\extensions\redhat.java-1.50.0-win32-x64\jre\21.0.9-win32-x86_64\bin\instrument.dll
Event: 0.712 Loaded shared library C:\Users\Mega Store\.vscode\extensions\redhat.java-1.50.0-win32-x64\jre\21.0.9-win32-x86_64\bin\net.dll
Event: 0.715 Loaded shared library C:\Users\Mega Store\.vscode\extensions\redhat.java-1.50.0-win32-x64\jre\21.0.9-win32-x86_64\bin\nio.dll
Event: 0.718 Loaded shared library C:\Users\Mega Store\.vscode\extensions\redhat.java-1.50.0-win32-x64\jre\21.0.9-win32-x86_64\bin\zip.dll
Event: 0.741 Loaded shared library C:\Users\Mega Store\.vscode\extensions\redhat.java-1.50.0-win32-x64\jre\21.0.9-win32-x86_64\bin\jimage.dll
Event: 0.859 Loaded shared library c:\Users\Mega Store\.vscode\extensions\redhat.java-1.50.0-win32-x64\jre\21.0.9-win32-x86_64\bin\verify.dll
Event: 5.157 Loaded shared library C:\Users\Mega Store\AppData\Roaming\Code\User\globalStorage\redhat.java\1.50.0\config_win\org.eclipse.equinox.launcher\org.eclipse.equinox.launcher.win32.win32.x86_64_1.2.1400.v20250801-0854\eclipse_11916.dll
Event: 13.741 Loaded shared library C:\Users\Mega Store\.vscode\extensions\redhat.java-1.50.0-win32-x64\jre\21.0.9-win32-x86_64\bin\management.dll
Event: 13.745 Loaded shared library C:\Users\Mega Store\.vscode\extensions\redhat.java-1.50.0-win32-x64\jre\21.0.9-win32-x86_64\bin\management_ext.dll
Event: 16.226 Loaded shared library C:\Users\Mega Store\AppData\Local\Temp\jna-189755315\jna15605025334892985846.dll
Event: 17.440 Loaded shared library C:\Users\Mega Store\.vscode\extensions\redhat.java-1.50.0-win32-x64\jre\21.0.9-win32-x86_64\bin\sunmscapi.dll
Event: 17.655 Loaded shared library C:\Users\Mega Store\.vscode\extensions\redhat.java-1.50.0-win32-x64\jre\21.0.9-win32-x86_64\bin\extnet.dll

Deoptimization events (20 events):
Event: 2119.270 Thread 0x000002911ed22030 DEOPT PACKING pc=0x00000290c8c5bdc0 sp=0x000000d9896fd900
Event: 2119.270 Thread 0x000002911ed22030 DEOPT UNPACKING pc=0x00000290c8203aa2 sp=0x000000d9896fd888 mode 2
Event: 2119.319 Thread 0x000002911ed22030 DEOPT PACKING pc=0x00000290c1ccc8db sp=0x000000d9896fe5c0
Event: 2119.319 Thread 0x000002911ed22030 DEOPT UNPACKING pc=0x00000290c8204242 sp=0x000000d9896fda58 mode 0
Event: 2119.493 Thread 0x000002911ed22030 DEOPT PACKING pc=0x00000290c1400b56 sp=0x000000d9896fdb10
Event: 2119.493 Thread 0x000002911ed22030 DEOPT UNPACKING pc=0x00000290c8204242 sp=0x000000d9896fd020 mode 0
Event: 2119.813 Thread 0x000002911ed22030 DEOPT PACKING pc=0x00000290c1017ed9 sp=0x000000d9896f8c30
Event: 2119.813 Thread 0x000002911ed22030 DEOPT UNPACKING pc=0x00000290c8204242 sp=0x000000d9896f80b8 mode 0
Event: 2119.826 Thread 0x000002911ed22030 DEOPT PACKING pc=0x00000290c1017523 sp=0x000000d9896f8c50
Event: 2119.826 Thread 0x000002911ed22030 DEOPT UNPACKING pc=0x00000290c8204242 sp=0x000000d9896f8118 mode 0
Event: 2119.831 Thread 0x000002911ed22030 DEOPT PACKING pc=0x00000290c1af4fd4 sp=0x000000d9896f8790
Event: 2119.831 Thread 0x000002911ed22030 DEOPT UNPACKING pc=0x00000290c8204242 sp=0x000000d9896f7ea0 mode 0
Event: 2119.835 Thread 0x000002911ed22030 DEOPT PACKING pc=0x00000290c1317a71 sp=0x000000d9896f8c10
Event: 2119.835 Thread 0x000002911ed22030 DEOPT UNPACKING pc=0x00000290c8204242 sp=0x000000d9896f81b8 mode 0
Event: 2119.839 Thread 0x000002911ed22030 DEOPT PACKING pc=0x00000290c1017ed9 sp=0x000000d9896f87f0
Event: 2119.839 Thread 0x000002911ed22030 DEOPT UNPACKING pc=0x00000290c8204242 sp=0x000000d9896f7c78 mode 0
Event: 2119.928 Thread 0x000002911ed22030 Uncommon trap: trap_request=0xffffffde fr.pc=0x00000290c8babd18 relative=0x0000000000000078
Event: 2119.928 Thread 0x000002911ed22030 Uncommon trap: reason=class_check action=maybe_recompile pc=0x00000290c8babd18 method=java.util.LinkedHashMap.afterNodeInsertion(Z)V @ 15 c2
Event: 2119.928 Thread 0x000002911ed22030 DEOPT PACKING pc=0x00000290c8babd18 sp=0x000000d9896fed50
Event: 2119.928 Thread 0x000002911ed22030 DEOPT UNPACKING pc=0x00000290c8203aa2 sp=0x000000d9896fecc8 mode 2

Classes loaded (20 events):
Event: 35.387 Loading class java/util/concurrent/CompletableFuture$UniExceptionally
Event: 35.387 Loading class java/util/concurrent/CompletableFuture$UniExceptionally done
Event: 35.427 Loading class java/lang/invoke/MethodHandleImpl$CountingWrapper$1
Event: 35.428 Loading class java/lang/invoke/MethodHandleImpl$CountingWrapper$1 done
Event: 35.558 Loading class java/nio/file/Files$2
Event: 35.559 Loading class java/nio/file/Files$2 done
Event: 35.646 Loading class java/util/concurrent/ArrayBlockingQueue
Event: 35.646 Loading class java/util/concurrent/ArrayBlockingQueue done
Event: 35.904 Loading class java/util/stream/ReduceOps$1
Event: 35.904 Loading class java/util/stream/ReduceOps$1 done
Event: 35.904 Loading class java/util/stream/ReduceOps$1ReducingSink
Event: 35.904 Loading class java/util/stream/ReduceOps$1ReducingSink done
Event: 44.529 Loading class jdk/internal/event/SecurityPropertyModificationEvent
Event: 44.530 Loading class jdk/internal/event/SecurityPropertyModificationEvent done
Event: 44.712 Loading class java/util/zip/CheckedInputStream
Event: 44.712 Loading class java/util/zip/CheckedInputStream done
Event: 44.819 Loading class java/util/zip/GZIPInputStream$1
Event: 44.819 Loading class java/util/zip/GZIPInputStream$1 done
Event: 2119.214 Loading class jdk/internal/ref/CleanerImpl$InnocuousThreadFactory
Event: 2119.214 Loading class jdk/internal/ref/CleanerImpl$InnocuousThreadFactory done

Classes unloaded (7 events):
Event: 14.597 Thread 0x00000290bdb27790 Unloading class 0x00000290d61a5000 'java/lang/invoke/LambdaForm$MH+0x00000290d61a5000'
Event: 14.597 Thread 0x00000290bdb27790 Unloading class 0x00000290d61a4c00 'java/lang/invoke/LambdaForm$MH+0x00000290d61a4c00'
Event: 14.597 Thread 0x00000290bdb27790 Unloading class 0x00000290d61a4800 'java/lang/invoke/LambdaForm$MH+0x00000290d61a4800'
Event: 14.597 Thread 0x00000290bdb27790 Unloading class 0x00000290d61a4400 'java/lang/invoke/LambdaForm$MH+0x00000290d61a4400'
Event: 14.597 Thread 0x00000290bdb27790 Unloading class 0x00000290d61a4000 'java/lang/invoke/LambdaForm$BMH+0x00000290d61a4000'
Event: 14.597 Thread 0x00000290bdb27790 Unloading class 0x00000290d61a3c00 'java/lang/invoke/LambdaForm$DMH+0x00000290d61a3c00'
Event: 14.597 Thread 0x00000290bdb27790 Unloading class 0x00000290d61a2800 'java/lang/invoke/LambdaForm$DMH+0x00000290d61a2800'

Classes redefined (0 events):
No events

Internal exceptions (20 events):
Event: 35.024 Thread 0x000002911ed24e20 Exception <a 'java/lang/NoSuchMethodError'{0x00000000d5955c18}: 'java.lang.Object java.lang.invoke.DirectMethodHandle$Holder.newInvokeSpecial(java.lang.Object, java.lang.Object, int)'> (0x00000000d5955c18) 
thrown [s\src\hotspot\share\interpreter\linkResolver.cpp, line 773]
Event: 35.360 Thread 0x000002911ed24e20 Exception <a 'sun/nio/fs/WindowsException'{0x00000000d5e03fa8}> (0x00000000d5e03fa8) 
thrown [s\src\hotspot\share\prims\jni.cpp, line 520]
Event: 35.360 Thread 0x000002911ed24e20 Exception <a 'sun/nio/fs/WindowsException'{0x00000000d5e2ce00}> (0x00000000d5e2ce00) 
thrown [s\src\hotspot\share\prims\jni.cpp, line 520]
Event: 35.362 Thread 0x000002911ed24e20 Exception <a 'sun/nio/fs/WindowsException'{0x00000000d5e30640}> (0x00000000d5e30640) 
thrown [s\src\hotspot\share\prims\jni.cpp, line 520]
Event: 35.362 Thread 0x000002911ed24e20 Exception <a 'sun/nio/fs/WindowsException'{0x00000000d5e30c90}> (0x00000000d5e30c90) 
thrown [s\src\hotspot\share\prims\jni.cpp, line 520]
Event: 35.363 Thread 0x000002911ed24e20 Exception <a 'sun/nio/fs/WindowsException'{0x00000000d5e5e4c8}> (0x00000000d5e5e4c8) 
thrown [s\src\hotspot\share\prims\jni.cpp, line 520]
Event: 35.363 Thread 0x000002911ed24e20 Exception <a 'sun/nio/fs/WindowsException'{0x00000000d5e5ece0}> (0x00000000d5e5ece0) 
thrown [s\src\hotspot\share\prims\jni.cpp, line 520]
Event: 35.364 Thread 0x000002911ed24e20 Exception <a 'sun/nio/fs/WindowsException'{0x00000000d5e5fd70}> (0x00000000d5e5fd70) 
thrown [s\src\hotspot\share\prims\jni.cpp, line 520]
Event: 35.364 Thread 0x000002911ed24e20 Exception <a 'sun/nio/fs/WindowsException'{0x00000000d5e60588}> (0x00000000d5e60588) 
thrown [s\src\hotspot\share\prims\jni.cpp, line 520]
Event: 35.365 Thread 0x000002911ed24e20 Exception <a 'sun/nio/fs/WindowsException'{0x00000000d5e613c0}> (0x00000000d5e613c0) 
thrown [s\src\hotspot\share\prims\jni.cpp, line 520]
Event: 35.365 Thread 0x000002911ed24e20 Exception <a 'sun/nio/fs/WindowsException'{0x00000000d5e61978}> (0x00000000d5e61978) 
thrown [s\src\hotspot\share\prims\jni.cpp, line 520]
Event: 35.369 Thread 0x000002911ed24e20 Exception <a 'sun/nio/fs/WindowsException'{0x00000000d5580508}> (0x00000000d5580508) 
thrown [s\src\hotspot\share\prims\jni.cpp, line 520]
Event: 35.370 Thread 0x000002911ed24e20 Exception <a 'sun/nio/fs/WindowsException'{0x00000000d5580ac0}> (0x00000000d5580ac0) 
thrown [s\src\hotspot\share\prims\jni.cpp, line 520]
Event: 35.382 Thread 0x000002911ed24e20 Exception <a 'java/lang/IncompatibleClassChangeError'{0x00000000d56e8498}: Found class java.lang.Object, but interface was expected> (0x00000000d56e8498) 
thrown [s\src\hotspot\share\interpreter\linkResolver.cpp, line 840]
Event: 35.391 Thread 0x000002911ed24e20 Exception <a 'java/lang/IncompatibleClassChangeError'{0x00000000d580aa30}: Found class java.lang.Object, but interface was expected> (0x00000000d580aa30) 
thrown [s\src\hotspot\share\interpreter\linkResolver.cpp, line 840]
Event: 35.489 Thread 0x000002911ed24e20 Exception <a 'java/lang/IncompatibleClassChangeError'{0x00000000d5e47b80}: Found class java.lang.Object, but interface was expected> (0x00000000d5e47b80) 
thrown [s\src\hotspot\share\interpreter\linkResolver.cpp, line 840]
Event: 44.040 Thread 0x000002911c1da6f0 Exception <a 'sun/nio/fs/WindowsException'{0x00000000d55fc6a8}> (0x00000000d55fc6a8) 
thrown [s\src\hotspot\share\prims\jni.cpp, line 520]
Event: 44.494 Thread 0x000002911c1da6f0 Exception <a 'sun/nio/fs/WindowsException'{0x00000000d57f1130}> (0x00000000d57f1130) 
thrown [s\src\hotspot\share\prims\jni.cpp, line 520]
Event: 662.912 Thread 0x000002911ed24e20 Exception <a 'java/lang/IncompatibleClassChangeError'{0x00000000d55d4cd8}: Found class java.lang.Object, but interface was expected> (0x00000000d55d4cd8) 
thrown [s\src\hotspot\share\interpreter\linkResolver.cpp, line 840]
Event: 2119.005 Thread 0x000002911ed24e20 Exception <a 'java/lang/IncompatibleClassChangeError'{0x00000000d55fcb10}: Found class java.lang.Object, but interface was expected> (0x00000000d55fcb10) 
thrown [s\src\hotspot\share\interpreter\linkResolver.cpp, line 840]

ZGC Phase Switch (0 events):
No events

VM Operations (20 events):
Event: 2119.816 Executing VM operation: ParallelGCFailedAllocation (Allocation Failure)
Event: 2119.820 Executing VM operation: ParallelGCFailedAllocation (Allocation Failure) done
Event: 2120.821 Executing VM operation: Cleanup
Event: 2120.821 Executing VM operation: Cleanup done
Event: 2165.880 Executing VM operation: HandshakeAllThreads (HandshakeForDeflation)
Event: 2165.880 Executing VM operation: HandshakeAllThreads (HandshakeForDeflation) done
Event: 2165.881 Executing VM operation: RendezvousGCThreads
Event: 2165.881 Executing VM operation: RendezvousGCThreads done
Event: 2226.013 Executing VM operation: HandshakeAllThreads (HandshakeForDeflation)
Event: 2226.014 Executing VM operation: HandshakeAllThreads (HandshakeForDeflation) done
Event: 2226.014 Executing VM operation: RendezvousGCThreads
Event: 2226.014 Executing VM operation: RendezvousGCThreads done
Event: 2286.196 Executing VM operation: HandshakeAllThreads (HandshakeForDeflation)
Event: 2286.196 Executing VM operation: HandshakeAllThreads (HandshakeForDeflation) done
Event: 2286.196 Executing VM operation: RendezvousGCThreads
Event: 2286.196 Executing VM operation: RendezvousGCThreads done
Event: 2346.344 Executing VM operation: HandshakeAllThreads (HandshakeForDeflation)
Event: 2346.344 Executing VM operation: HandshakeAllThreads (HandshakeForDeflation) done
Event: 2346.344 Executing VM operation: RendezvousGCThreads
Event: 2346.344 Executing VM operation: RendezvousGCThreads done

Memory protections (0 events):
No events

Nmethod flushes (20 events):
Event: 32.705 Thread 0x00000290bdb27790 flushing  nmethod 0x00000290c1300890
Event: 32.705 Thread 0x00000290bdb27790 flushing  nmethod 0x00000290c1337d10
Event: 32.705 Thread 0x00000290bdb27790 flushing osr nmethod 0x00000290c133e290
Event: 32.705 Thread 0x00000290bdb27790 flushing  nmethod 0x00000290c1354f10
Event: 32.705 Thread 0x00000290bdb27790 flushing  nmethod 0x00000290c1355490
Event: 32.705 Thread 0x00000290bdb27790 flushing  nmethod 0x00000290c1356510
Event: 32.705 Thread 0x00000290bdb27790 flushing  nmethod 0x00000290c1356e90
Event: 32.705 Thread 0x00000290bdb27790 flushing  nmethod 0x00000290c1368e10
Event: 32.705 Thread 0x00000290bdb27790 flushing  nmethod 0x00000290c136d590
Event: 32.705 Thread 0x00000290bdb27790 flushing  nmethod 0x00000290c138a190
Event: 32.705 Thread 0x00000290bdb27790 flushing  nmethod 0x00000290c13a3d10
Event: 32.705 Thread 0x00000290bdb27790 flushing  nmethod 0x00000290c13b1790
Event: 32.705 Thread 0x00000290bdb27790 flushing  nmethod 0x00000290c13b4c90
Event: 32.705 Thread 0x00000290bdb27790 flushing  nmethod 0x00000290c13b6090
Event: 32.705 Thread 0x00000290bdb27790 flushing  nmethod 0x00000290c13b7c90
Event: 32.705 Thread 0x00000290bdb27790 flushing  nmethod 0x00000290c13b8010
Event: 32.705 Thread 0x00000290bdb27790 flushing  nmethod 0x00000290c13b8590
Event: 32.705 Thread 0x00000290bdb27790 flushing  nmethod 0x00000290c13b8b10
Event: 32.705 Thread 0x00000290bdb27790 flushing  nmethod 0x00000290c13df610
Event: 32.705 Thread 0x00000290bdb27790 flushing  nmethod 0x00000290c142b090

Events (20 events):
Event: 284.726 Thread 0x000002911dad27d0 Thread exited: 0x000002911dad27d0
Event: 335.351 Thread 0x000002911c1dad80 Thread added: 0x000002911dad0d90
Event: 335.352 Thread 0x000002911dad0d90 Thread exited: 0x000002911dad0d90
Event: 335.353 Thread 0x000002911c1dad80 Thread added: 0x000002911dad0070
Event: 335.354 Thread 0x000002911dad0070 Thread exited: 0x000002911dad0070
Event: 335.531 Thread 0x000002911ed261d0 Thread exited: 0x000002911ed261d0
Event: 344.727 Thread 0x000002911dacecc0 Thread exited: 0x000002911dacecc0
Event: 404.727 Thread 0x000002911ed22030 Thread exited: 0x000002911ed22030
Event: 464.727 Thread 0x000002911ed25b40 Thread exited: 0x000002911ed25b40
Event: 524.728 Thread 0x000002911dad0700 Thread exited: 0x000002911dad0700
Event: 584.729 Thread 0x000002911dad2e60 Thread exited: 0x000002911dad2e60
Event: 2119.042 Thread 0x000002911ed24e20 Thread added: 0x000002911ed22030
Event: 2119.047 Thread 0x000002911ed22030 Thread added: 0x000002911ed25b40
Event: 2119.100 Thread 0x00000291167a4fe0 Thread added: 0x0000029120628490
Event: 2119.101 Thread 0x00000291167a4fe0 Thread added: 0x00000291206276f0
Event: 2119.215 Thread 0x000002911ed22030 Thread added: 0x000002911ed26860
Event: 2125.314 Thread 0x00000291206276f0 Thread exited: 0x00000291206276f0
Event: 2125.590 Thread 0x0000029120628490 Thread exited: 0x0000029120628490
Event: 2179.960 Thread 0x000002911ed22030 Thread exited: 0x000002911ed22030
Event: 2239.960 Thread 0x000002911ed25b40 Thread exited: 0x000002911ed25b40


Dynamic libraries:
0x00007ff697040000 - 0x00007ff69704e000 	c:\Users\Mega Store\.vscode\extensions\redhat.java-1.50.0-win32-x64\jre\21.0.9-win32-x86_64\bin\java.exe
0x00007ffef6780000 - 0x00007ffef69e7000 	C:\WINDOWS\SYSTEM32\ntdll.dll
0x00007ffec3460000 - 0x00007ffec3480000 	C:\Program Files\Avast Software\Avast\aswhook.dll
0x00007ffef5910000 - 0x00007ffef59d9000 	C:\WINDOWS\System32\KERNEL32.DLL
0x00007ffef4120000 - 0x00007ffef450f000 	C:\WINDOWS\System32\KERNELBASE.dll
0x00007ffef3bb0000 - 0x00007ffef3cfb000 	C:\WINDOWS\System32\ucrtbase.dll
0x00007ffe9e020000 - 0x00007ffe9e038000 	c:\Users\Mega Store\.vscode\extensions\redhat.java-1.50.0-win32-x64\jre\21.0.9-win32-x86_64\bin\jli.dll
0x00007ffe91760000 - 0x00007ffe9177e000 	c:\Users\Mega Store\.vscode\extensions\redhat.java-1.50.0-win32-x64\jre\21.0.9-win32-x86_64\bin\VCRUNTIME140.dll
0x00007ffef4ec0000 - 0x00007ffef5085000 	C:\WINDOWS\System32\USER32.dll
0x00007ffecda80000 - 0x00007ffecdd13000 	C:\WINDOWS\WinSxS\amd64_microsoft.windows.common-controls_6595b64144ccf1df_6.0.26100.7309_none_3e05feeae336a044\COMCTL32.dll
0x00007ffef3960000 - 0x00007ffef3987000 	C:\WINDOWS\System32\win32u.dll
0x00007ffef5530000 - 0x00007ffef55d9000 	C:\WINDOWS\System32\msvcrt.dll
0x00007ffef5090000 - 0x00007ffef50bb000 	C:\WINDOWS\System32\GDI32.dll
0x00007ffef3d00000 - 0x00007ffef3e2c000 	C:\WINDOWS\System32\gdi32full.dll
0x00007ffef3990000 - 0x00007ffef3a33000 	C:\WINDOWS\System32\msvcp_win.dll
0x00007ffef50d0000 - 0x00007ffef5101000 	C:\WINDOWS\System32\IMM32.DLL
0x00007ffece590000 - 0x00007ffece59c000 	c:\Users\Mega Store\.vscode\extensions\redhat.java-1.50.0-win32-x64\jre\21.0.9-win32-x86_64\bin\vcruntime140_1.dll
0x00007ffe60010000 - 0x00007ffe6009d000 	c:\Users\Mega Store\.vscode\extensions\redhat.java-1.50.0-win32-x64\jre\21.0.9-win32-x86_64\bin\msvcp140.dll
0x00007ffe3db40000 - 0x00007ffe3e8e0000 	c:\Users\Mega Store\.vscode\extensions\redhat.java-1.50.0-win32-x64\jre\21.0.9-win32-x86_64\bin\server\jvm.dll
0x00007ffef55e0000 - 0x00007ffef5694000 	C:\WINDOWS\System32\ADVAPI32.dll
0x00007ffef4db0000 - 0x00007ffef4e56000 	C:\WINDOWS\System32\sechost.dll
0x00007ffef5ce0000 - 0x00007ffef5df8000 	C:\WINDOWS\System32\RPCRT4.dll
0x00007ffef56a0000 - 0x00007ffef5714000 	C:\WINDOWS\System32\WS2_32.dll
0x00007ffef32c0000 - 0x00007ffef331e000 	C:\WINDOWS\SYSTEM32\POWRPROF.dll
0x00007ffedfe70000 - 0x00007ffedfea5000 	C:\WINDOWS\SYSTEM32\WINMM.dll
0x00007ffeed6a0000 - 0x00007ffeed6ab000 	C:\WINDOWS\SYSTEM32\VERSION.dll
0x00007ffef32a0000 - 0x00007ffef32b4000 	C:\WINDOWS\SYSTEM32\UMPDC.dll
0x00007ffef2640000 - 0x00007ffef265b000 	C:\WINDOWS\SYSTEM32\kernel.appcore.dll
0x00007ffecde90000 - 0x00007ffecde9a000 	c:\Users\Mega Store\.vscode\extensions\redhat.java-1.50.0-win32-x64\jre\21.0.9-win32-x86_64\bin\jimage.dll
0x00007ffef10b0000 - 0x00007ffef12f2000 	C:\WINDOWS\SYSTEM32\DBGHELP.DLL
0x00007ffef51a0000 - 0x00007ffef5525000 	C:\WINDOWS\System32\combase.dll
0x00007ffef5720000 - 0x00007ffef57f6000 	C:\WINDOWS\System32\OLEAUT32.dll
0x00007ffee5370000 - 0x00007ffee53ac000 	C:\WINDOWS\SYSTEM32\dbgcore.DLL
0x00007ffef3a40000 - 0x00007ffef3ae5000 	C:\WINDOWS\System32\bcryptPrimitives.dll
0x00007ffecdd30000 - 0x00007ffecdd3f000 	c:\Users\Mega Store\.vscode\extensions\redhat.java-1.50.0-win32-x64\jre\21.0.9-win32-x86_64\bin\instrument.dll
0x00007ffe8fa50000 - 0x00007ffe8fa70000 	c:\Users\Mega Store\.vscode\extensions\redhat.java-1.50.0-win32-x64\jre\21.0.9-win32-x86_64\bin\java.dll
0x00007ffef4550000 - 0x00007ffef4ca3000 	C:\WINDOWS\System32\SHELL32.dll
0x00007ffef3fb0000 - 0x00007ffef411a000 	C:\WINDOWS\System32\wintypes.dll
0x00007ffef14b0000 - 0x00007ffef1d0e000 	C:\WINDOWS\SYSTEM32\windows.storage.dll
0x00007ffef4cb0000 - 0x00007ffef4da5000 	C:\WINDOWS\System32\SHCORE.dll
0x00007ffef6350000 - 0x00007ffef63b6000 	C:\WINDOWS\System32\shlwapi.dll
0x00007ffef37f0000 - 0x00007ffef3819000 	C:\WINDOWS\SYSTEM32\profapi.dll
0x00007ffe82210000 - 0x00007ffe82228000 	c:\Users\Mega Store\.vscode\extensions\redhat.java-1.50.0-win32-x64\jre\21.0.9-win32-x86_64\bin\zip.dll
0x00007ffecc8a0000 - 0x00007ffecc8b0000 	C:\Users\Mega Store\.vscode\extensions\redhat.java-1.50.0-win32-x64\jre\21.0.9-win32-x86_64\bin\net.dll
0x00007ffeec650000 - 0x00007ffeec778000 	C:\WINDOWS\SYSTEM32\WINHTTP.dll
0x00007ffef2b90000 - 0x00007ffef2bfb000 	C:\WINDOWS\system32\mswsock.dll
0x00007ffe82050000 - 0x00007ffe82066000 	C:\Users\Mega Store\.vscode\extensions\redhat.java-1.50.0-win32-x64\jre\21.0.9-win32-x86_64\bin\nio.dll
0x00007ffecc390000 - 0x00007ffecc3a0000 	c:\Users\Mega Store\.vscode\extensions\redhat.java-1.50.0-win32-x64\jre\21.0.9-win32-x86_64\bin\verify.dll
0x00007ffe5e020000 - 0x00007ffe5e064000 	C:\Users\Mega Store\AppData\Roaming\Code\User\globalStorage\redhat.java\1.50.0\config_win\org.eclipse.equinox.launcher\org.eclipse.equinox.launcher.win32.win32.x86_64_1.2.1400.v20250801-0854\eclipse_11916.dll
0x00007ffef5ae0000 - 0x00007ffef5c77000 	C:\WINDOWS\System32\ole32.dll
0x00007ffecaa10000 - 0x00007ffecaa1a000 	C:\Users\Mega Store\.vscode\extensions\redhat.java-1.50.0-win32-x64\jre\21.0.9-win32-x86_64\bin\management.dll
0x00007ffec82e0000 - 0x00007ffec82ec000 	C:\Users\Mega Store\.vscode\extensions\redhat.java-1.50.0-win32-x64\jre\21.0.9-win32-x86_64\bin\management_ext.dll
0x00007ffef4eb0000 - 0x00007ffef4eb8000 	C:\WINDOWS\System32\PSAPI.DLL
0x00007ffef2f80000 - 0x00007ffef2f9b000 	C:\WINDOWS\SYSTEM32\CRYPTSP.dll
0x00007ffef25a0000 - 0x00007ffef25da000 	C:\WINDOWS\system32\rsaenh.dll
0x00007ffef2c40000 - 0x00007ffef2c6b000 	C:\WINDOWS\SYSTEM32\USERENV.dll
0x00007ffef37c0000 - 0x00007ffef37ea000 	C:\WINDOWS\SYSTEM32\bcrypt.dll
0x00007ffef2de0000 - 0x00007ffef2dec000 	C:\WINDOWS\SYSTEM32\CRYPTBASE.dll
0x00007ffef2080000 - 0x00007ffef20b4000 	C:\WINDOWS\SYSTEM32\IPHLPAPI.DLL
0x00007ffef4540000 - 0x00007ffef454a000 	C:\WINDOWS\System32\NSI.dll
0x00007ffe5d0a0000 - 0x00007ffe5d0e9000 	C:\Users\Mega Store\AppData\Local\Temp\jna-189755315\jna15605025334892985846.dll
0x00007ffeec620000 - 0x00007ffeec63e000 	C:\WINDOWS\SYSTEM32\dhcpcsvc6.DLL
0x00007ffeec5f0000 - 0x00007ffeec613000 	C:\WINDOWS\SYSTEM32\dhcpcsvc.DLL
0x00007ffec7450000 - 0x00007ffec745e000 	C:\Users\Mega Store\.vscode\extensions\redhat.java-1.50.0-win32-x64\jre\21.0.9-win32-x86_64\bin\sunmscapi.dll
0x00007ffef3e30000 - 0x00007ffef3fa7000 	C:\WINDOWS\System32\CRYPT32.dll
0x00007ffef3140000 - 0x00007ffef3170000 	C:\WINDOWS\SYSTEM32\ncrypt.dll
0x00007ffef30f0000 - 0x00007ffef312f000 	C:\WINDOWS\SYSTEM32\NTASN1.dll
0x00007ffef2120000 - 0x00007ffef224c000 	C:\WINDOWS\SYSTEM32\DNSAPI.dll
0x00007ffee21e0000 - 0x00007ffee21eb000 	C:\Windows\System32\rasadhlp.dll
0x00007ffeebbc0000 - 0x00007ffeebc46000 	C:\WINDOWS\System32\fwpuclnt.dll
0x00007ffec6f10000 - 0x00007ffec6f19000 	C:\Users\Mega Store\.vscode\extensions\redhat.java-1.50.0-win32-x64\jre\21.0.9-win32-x86_64\bin\extnet.dll

JVMTI agents:
c:\Users\Mega Store\.vscode\extensions\redhat.java-1.50.0-win32-x64\lombok\lombok-1.18.39-4050.jar path:c:\Users\Mega Store\.vscode\extensions\redhat.java-1.50.0-win32-x64\jre\21.0.9-win32-x86_64\bin\instrument.dll, loaded, initialized, instrumentlib options:none

dbghelp: loaded successfully - version: 4.0.5 - missing functions: none
symbol engine: initialized successfully - sym options: 0x614 - pdb path: .;c:\Users\Mega Store\.vscode\extensions\redhat.java-1.50.0-win32-x64\jre\21.0.9-win32-x86_64\bin;C:\WINDOWS\SYSTEM32;C:\Program Files\Avast Software\Avast;C:\WINDOWS\WinSxS\amd64_microsoft.windows.common-controls_6595b64144ccf1df_6.0.26100.7309_none_3e05feeae336a044;c:\Users\Mega Store\.vscode\extensions\redhat.java-1.50.0-win32-x64\jre\21.0.9-win32-x86_64\bin\server;C:\Users\Mega Store\AppData\Roaming\Code\User\globalStorage\redhat.java\1.50.0\config_win\org.eclipse.equinox.launcher\org.eclipse.equinox.launcher.win32.win32.x86_64_1.2.1400.v20250801-0854;C:\Users\Mega Store\AppData\Local\Temp\jna-189755315

VM Arguments:
jvm_args: --add-modules=ALL-SYSTEM --add-opens=java.base/java.util=ALL-UNNAMED --add-opens=java.base/java.lang=ALL-UNNAMED --add-opens=java.base/sun.nio.fs=ALL-UNNAMED -Declipse.application=org.eclipse.jdt.ls.core.id1 -Dosgi.bundles.defaultStartLevel=4 -Declipse.product=org.eclipse.jdt.ls.core.product -Djava.import.generatesMetadataFilesAtProjectRoot=false -DDetectVMInstallationsJob.disabled=true -Dfile.encoding=utf8 -XX:+UseParallelGC -XX:GCTimeRatio=4 -XX:AdaptiveSizePolicyWeight=90 -Dsun.zip.disableMemoryMapping=true -Xmx2G -Xms100m -Xlog:disable -javaagent:c:\Users\Mega Store\.vscode\extensions\redhat.java-1.50.0-win32-x64\lombok\lombok-1.18.39-4050.jar -XX:+HeapDumpOnOutOfMemoryError -XX:HeapDumpPath=c:\Users\Mega Store\AppData\Roaming\Code\User\workspaceStorage\139c7215841c16aeddf95d33c763f8ab\redhat.java -Daether.dependencyCollector.impl=bf 
java_command: c:\Users\Mega Store\.vscode\extensions\redhat.java-1.50.0-win32-x64\server\plugins\org.eclipse.equinox.launcher_1.7.100.v20251111-0406.jar -configuration c:\Users\Mega Store\AppData\Roaming\Code\User\globalStorage\redhat.java\1.50.0\config_win -data c:\Users\Mega Store\AppData\Roaming\Code\User\workspaceStorage\139c7215841c16aeddf95d33c763f8ab\redhat.java\jdt_ws --pipe=\\.\pipe\lsp-c9a2ccef1b21f618af0bb5902fc0cc06-sock
java_class_path (initial): c:\Users\Mega Store\.vscode\extensions\redhat.java-1.50.0-win32-x64\server\plugins\org.eclipse.equinox.launcher_1.7.100.v20251111-0406.jar
Launcher Type: SUN_STANDARD

[Global flags]
    uintx AdaptiveSizePolicyWeight                 = 90                                        {product} {command line}
     intx CICompilerCount                          = 4                                         {product} {ergonomic}
    uintx GCTimeRatio                              = 4                                         {product} {command line}
     bool HeapDumpOnOutOfMemoryError               = true                                   {manageable} {command line}
    ccstr HeapDumpPath                             = c:\Users\Mega Store\AppData\Roaming\Code\User\workspaceStorage\139c7215841c16aeddf95d33c763f8ab\redhat.java         {manageable} {command line}
   size_t InitialHeapSize                          = 104857600                                 {product} {command line}
   size_t MaxHeapSize                              = 2147483648                                {product} {command line}
   size_t MaxNewSize                               = 715653120                                 {product} {ergonomic}
   size_t MinHeapDeltaBytes                        = 524288                                    {product} {ergonomic}
   size_t MinHeapSize                              = 104857600                                 {product} {command line}
   size_t NewSize                                  = 34603008                                  {product} {ergonomic}
    uintx NonNMethodCodeHeapSize                   = 5839372                                {pd product} {ergonomic}
    uintx NonProfiledCodeHeapSize                  = 122909434                              {pd product} {ergonomic}
   size_t OldSize                                  = 70254592                                  {product} {ergonomic}
    uintx ProfiledCodeHeapSize                     = 122909434                              {pd product} {ergonomic}
    uintx ReservedCodeCacheSize                    = 251658240                              {pd product} {ergonomic}
     bool SegmentedCodeCache                       = true                                      {product} {ergonomic}
   size_t SoftMaxHeapSize                          = 2147483648                             {manageable} {ergonomic}
     bool UseCompressedOops                        = true                           {product lp64_product} {ergonomic}
     bool UseLargePagesIndividualAllocation        = false                                  {pd product} {ergonomic}
     bool UseParallelGC                            = true                                      {product} {command line}

Logging:
Log output configuration:
 #0: stdout all=off uptime,level,tags foldmultilines=false
 #1: stderr all=off uptime,level,tags foldmultilines=false

Release file:
JAVA_VERSION="21.0.9" 
MODULES="java.base java.compiler java.datatransfer java.xml java.prefs java.desktop java.instrument java.logging java.management java.security.sasl java.naming java.rmi java.management.rmi java.net.http java.scripting java.security.jgss java.transaction.xa java.sql java.sql.rowset java.xml.crypto java.se java.smartcardio jdk.accessibility jdk.internal.jvmstat jdk.attach jdk.charsets jdk.internal.opt jdk.zipfs jdk.compiler jdk.crypto.ec jdk.crypto.cryptoki jdk.crypto.mscapi jdk.dynalink jdk.internal.ed jdk.editpad jdk.hotspot.agent jdk.httpserver jdk.internal.le jdk.internal.vm.ci jdk.internal.vm.compiler jdk.internal.vm.compiler.management jdk.jartool jdk.javadoc jdk.jcmd jdk.management jdk.management.agent jdk.jconsole jdk.jdeps jdk.jdwp.agent jdk.jdi jdk.jfr jdk.jshell jdk.jsobject jdk.jstatd jdk.localedata jdk.management.jfr jdk.naming.dns jdk.naming.rmi jdk.net jdk.nio.mapmode jdk.random jdk.sctp jdk.security.auth jdk.security.jgss jdk.unsupported jdk.unsupported.desktop jdk.xml.dom" 

Environment Variables:
JAVA_HOME=D:\programs\jdk-17.0.12
PATH=C:\Python314\Scripts\;C:\Python314\;D:\programs\jdk-17.0.12\bin;C:\Program Files\dotnet\;C:\Program Files\Fortect;C:\WINDOWS\system32;C:\WINDOWS;C:\WINDOWS\System32\Wbem;C:\WINDOWS\System32\WindowsPowerShell\v1.0\;C:\WINDOWS\System32\OpenSSH\;C:\Program Files\NVIDIA Corporation\NVIDIA App\NvDLISR;C:\Program Files\nodejs\;C:\ProgramData\chocolatey\bin;C:\Program Files\Git\cmd;C:\Users\Mega Store\AppData\Local\Programs\Python\Python313\Scripts\;C:\Users\Mega Store\AppData\Local\Programs\Python\Python313\;C:\Users\Mega Store\AppData\Local\Programs\Python\Launcher\;C:\Users\Mega Store\AppData\Local\Microsoft\WindowsApps;C:\Users\Mega Store\AppData\Local\Programs\Microsoft VS Code\bin;C:\Users\Mega Store\AppData\Local\spicetify;D:\modelsim_ase\win32aloem;D:\programs\bin;C:\Program Files\Java\jre1.8.0_251\bin;D:\programs\jdk-17.0.12\bin;C:\msys64\ucrt64\bin;C:\Users\Mega Store\AppData\Local\Microsoft\WindowsApps;C:\Users\Mega Store\AppData\Roaming\npm;D:\programs\jdk-17.0.12\bin;C:\Users\Mega Store\AppData\Local\GitHubDesktop\bin
USERNAME=Mega Store
OS=Windows_NT
PROCESSOR_IDENTIFIER=Intel64 Family 6 Model 158 Stepping 10, GenuineIntel
TMP=C:\Users\MEGAST~1\AppData\Local\Temp
TEMP=C:\Users\MEGAST~1\AppData\Local\Temp




Periodic native trim disabled

---------------  S Y S T E M  ---------------

OS:
 Windows 11 , 64 bit Build 26100 (10.0.26100.7309)
OS uptime: 1 days 19:44 hours
Hyper-V role detected

CPU: total 12 (initial active 12) (6 cores per cpu, 2 threads per core) family 6 model 158 stepping 10 microcode 0xf8, cx8, cmov, fxsr, ht, mmx, 3dnowpref, sse, sse2, sse3, ssse3, sse4.1, sse4.2, popcnt, lzcnt, tsc, tscinvbit, avx, avx2, aes, erms, clmul, bmi1, bmi2, rtm, adx, fma, vzeroupper, clflush, clflushopt, hv, rdtscp, f16c
Processor Information for processor 0
  Max Mhz: 2904, Current Mhz: 2904, Mhz Limit: 2904
Processor Information for processor 1
  Max Mhz: 2904, Current Mhz: 1502, Mhz Limit: 2904
Processor Information for processor 2
  Max Mhz: 2904, Current Mhz: 1502, Mhz Limit: 2904
Processor Information for processor 3
  Max Mhz: 2904, Current Mhz: 1502, Mhz Limit: 2904
Processor Information for processor 4
  Max Mhz: 2904, Current Mhz: 1502, Mhz Limit: 2904
Processor Information for processor 5
  Max Mhz: 2904, Current Mhz: 1502, Mhz Limit: 2904
Processor Information for processor 6
  Max Mhz: 2904, Current Mhz: 1502, Mhz Limit: 2904
Processor Information for processor 7
  Max Mhz: 2904, Current Mhz: 1502, Mhz Limit: 2904
Processor Information for processor 8
  Max Mhz: 2904, Current Mhz: 1502, Mhz Limit: 2904
Processor Information for processor 9
  Max Mhz: 2904, Current Mhz: 1502, Mhz Limit: 2904
Processor Information for processor 10
  Max Mhz: 2904, Current Mhz: 1502, Mhz Limit: 2904
Processor Information for processor 11
  Max Mhz: 2904, Current Mhz: 1502, Mhz Limit: 2904

Memory: 4k page, system-wide physical 16189M (1406M free)
TotalPageFile size 22333M (AvailPageFile size 0M)
current process WorkingSet (physical memory assigned to process): 357M, peak: 820M
current process commit charge ("private bytes"): 768M, peak: 831M

vm_info: OpenJDK 64-Bit Server VM (21.0.9+10-LTS) for windows-amd64 JRE (21.0.9+10-LTS), built on 2025-10-21T00:00:00Z by "admin" with unknown MS VC++:1942

END.
