#
# There is insufficient memory for the Java Runtime Environment to continue.
# Native memory allocation (malloc) failed to allocate 1657232 bytes. Error detail: Chunk::new
# Possible reasons:
#   The system is out of physical RAM or swap space
#   This process is running with CompressedOops enabled, and the Java Heap may be blocking the growth of the native heap
# Possible solutions:
#   Reduce memory load on the system
#   Increase physical memory or swap space
#   Check if swap backing store is full
#   Decrease Java heap size (-Xmx/-Xms)
#   Decrease number of Java threads
#   Decrease Java thread stack sizes (-Xss)
#   Set larger code cache with -XX:ReservedCodeCacheSize=
#   JVM is running with Unscaled Compressed Oops mode in which the Java heap is
#     placed in the first 4GB address space. The Java Heap base address is the
#     maximum limit for the native heap growth. Please use -XX:HeapBaseMinAddress
#     to set the Java Heap base and to place the Java Heap above 4GB virtual address.
# This output file may be truncated or incomplete.
#
#  Out of Memory Error (arena.cpp:168), pid=3696, tid=22828
#
# JRE version: OpenJDK Runtime Environment Temurin-21.0.9+10 (21.0.9+10) (build 21.0.9+10-LTS)
# Java VM: OpenJDK 64-Bit Server VM Temurin-21.0.9+10 (21.0.9+10-LTS, mixed mode, sharing, tiered, compressed oops, compressed class ptrs, parallel gc, windows-amd64)
# No core dump will be written. Minidumps are not enabled by default on client versions of Windows
#

---------------  S U M M A R Y ------------

Command Line: --add-modules=ALL-SYSTEM --add-opens=java.base/java.util=ALL-UNNAMED --add-opens=java.base/java.lang=ALL-UNNAMED --add-opens=java.base/sun.nio.fs=ALL-UNNAMED -Declipse.application=org.eclipse.jdt.ls.core.id1 -Dosgi.bundles.defaultStartLevel=4 -Declipse.product=org.eclipse.jdt.ls.core.product -Djava.import.generatesMetadataFilesAtProjectRoot=false -DDetectVMInstallationsJob.disabled=true -Dfile.encoding=utf8 -XX:+UseParallelGC -XX:GCTimeRatio=4 -XX:AdaptiveSizePolicyWeight=90 -Dsun.zip.disableMemoryMapping=true -Xmx2G -Xms100m -Xlog:disable -javaagent:c:\Users\Mega Store\.vscode\extensions\redhat.java-1.50.0-win32-x64\lombok\lombok-1.18.39-4050.jar -XX:+HeapDumpOnOutOfMemoryError -XX:HeapDumpPath=c:\Users\Mega Store\AppData\Roaming\Code\User\workspaceStorage\139c7215841c16aeddf95d33c763f8ab\redhat.java -Daether.dependencyCollector.impl=bf c:\Users\Mega Store\.vscode\extensions\redhat.java-1.50.0-win32-x64\server\plugins\org.eclipse.equinox.launcher_1.7.100.v20251111-0406.jar -configuration c:\Users\Mega Store\AppData\Roaming\Code\User\globalStorage\redhat.java\1.50.0\config_win -data c:\Users\Mega Store\AppData\Roaming\Code\User\workspaceStorage\139c7215841c16aeddf95d33c763f8ab\redhat.java\jdt_ws --pipe=\\.\pipe\lsp-8e189c3f0a7f5a05915161e1de9c3211-sock

Host: Intel(R) Xeon(R) E-2186M  CPU @ 2.90GHz, 12 cores, 15G,  Windows 11 , 64 bit Build 26100 (10.0.26100.7309)
Time: Mon Dec 22 06:59:32 2025 Egypt Standard Time elapsed time: 7.043735 seconds (0d 0h 0m 7s)

---------------  T H R E A D  ---------------

Current thread (0x00000258ef590560):  JavaThread "C2 CompilerThread0" daemon [_thread_in_native, id=22828, stack(0x000000f874300000,0x000000f874400000) (1024K)]


Current CompileTask:
C2:7044 3034       4       java.lang.invoke.MethodType::makeImpl (109 bytes)

Stack: [0x000000f874300000,0x000000f874400000]
Native frames: (J=compiled Java code, j=interpreted, Vv=VM code, C=native code)
V  [jvm.dll+0x6d6e29]
V  [jvm.dll+0x8b4b76]
V  [jvm.dll+0x8b712e]
V  [jvm.dll+0x8b7813]
V  [jvm.dll+0x283d86]
V  [jvm.dll+0xc66ed]
V  [jvm.dll+0xc6c31]
V  [jvm.dll+0x3be53b]
V  [jvm.dll+0x38ab92]
V  [jvm.dll+0x389fda]
V  [jvm.dll+0x24bfa0]
V  [jvm.dll+0x24b580]
V  [jvm.dll+0x1cb13e]
V  [jvm.dll+0x25b29d]
V  [jvm.dll+0x25982a]
V  [jvm.dll+0x3f7ea6]
V  [jvm.dll+0x85e9ad]
V  [jvm.dll+0x6d565d]
C  [ucrtbase.dll+0x37b0]
C  [KERNEL32.DLL+0x2e8d7]
C  [ntdll.dll+0x8c53c]


---------------  P R O C E S S  ---------------

Threads class SMR info:
_java_thread_list=0x00000258f06869e0, length=22, elements={
0x000002589677b8b0, 0x00000258967093a0, 0x000002589682c390, 0x0000025896714370,
0x00000258967172b0, 0x000002589671a830, 0x000002589671bda0, 0x00000258ef590560,
0x00000258ef5933b0, 0x00000258ef7cab00, 0x00000258f05c1fe0, 0x00000258f0a329c0,
0x00000258f50378e0, 0x00000258f5299600, 0x00000258f52d0f60, 0x00000258f56b3a80,
0x00000258f5739ba0, 0x00000258f5716f80, 0x00000258ef7619b0, 0x00000258f54e5b90,
0x00000258f54e6220, 0x00000258f54e4150
}

Java Threads: ( => current thread )
  0x000002589677b8b0 JavaThread "main"                              [_thread_blocked, id=29132, stack(0x000000f873900000,0x000000f873a00000) (1024K)]
  0x00000258967093a0 JavaThread "Reference Handler"          daemon [_thread_blocked, id=26092, stack(0x000000f873d00000,0x000000f873e00000) (1024K)]
  0x000002589682c390 JavaThread "Finalizer"                  daemon [_thread_blocked, id=25388, stack(0x000000f873e00000,0x000000f873f00000) (1024K)]
  0x0000025896714370 JavaThread "Signal Dispatcher"          daemon [_thread_blocked, id=27204, stack(0x000000f873f00000,0x000000f874000000) (1024K)]
  0x00000258967172b0 JavaThread "Attach Listener"            daemon [_thread_blocked, id=16928, stack(0x000000f874000000,0x000000f874100000) (1024K)]
  0x000002589671a830 JavaThread "Service Thread"             daemon [_thread_blocked, id=12812, stack(0x000000f874100000,0x000000f874200000) (1024K)]
  0x000002589671bda0 JavaThread "Monitor Deflation Thread"   daemon [_thread_blocked, id=15504, stack(0x000000f874200000,0x000000f874300000) (1024K)]
=>0x00000258ef590560 JavaThread "C2 CompilerThread0"         daemon [_thread_in_native, id=22828, stack(0x000000f874300000,0x000000f874400000) (1024K)]
  0x00000258ef5933b0 JavaThread "C1 CompilerThread0"         daemon [_thread_blocked, id=19268, stack(0x000000f874400000,0x000000f874500000) (1024K)]
  0x00000258ef7cab00 JavaThread "Common-Cleaner"             daemon [_thread_blocked, id=20896, stack(0x000000f874600000,0x000000f874700000) (1024K)]
  0x00000258f05c1fe0 JavaThread "Notification Thread"        daemon [_thread_blocked, id=15196, stack(0x000000f874700000,0x000000f874800000) (1024K)]
  0x00000258f0a329c0 JavaThread "Active Thread: Equinox Container: d1b8fa8f-8618-4c7b-8cc1-8702eb5c43b7"        [_thread_blocked, id=18092, stack(0x000000f874f00000,0x000000f875000000) (1024K)]
  0x00000258f50378e0 JavaThread "Refresh Thread: Equinox Container: d1b8fa8f-8618-4c7b-8cc1-8702eb5c43b7" daemon [_thread_blocked, id=29424, stack(0x000000f874800000,0x000000f874900000) (1024K)]
  0x00000258f5299600 JavaThread "Framework Event Dispatcher: Equinox Container: d1b8fa8f-8618-4c7b-8cc1-8702eb5c43b7" daemon [_thread_blocked, id=23444, stack(0x000000f875100000,0x000000f875200000) (1024K)]
  0x00000258f52d0f60 JavaThread "Start Level: Equinox Container: d1b8fa8f-8618-4c7b-8cc1-8702eb5c43b7" daemon [_thread_in_vm, id=26556, stack(0x000000f875200000,0x000000f875300000) (1024K)]
  0x00000258f56b3a80 JavaThread "Bundle File Closer"         daemon [_thread_blocked, id=20720, stack(0x000000f875600000,0x000000f875700000) (1024K)]
  0x00000258f5739ba0 JavaThread "SCR Component Actor"        daemon [_thread_blocked, id=8264, stack(0x000000f875700000,0x000000f875800000) (1024K)]
  0x00000258f5716f80 JavaThread "Worker-JM"                         [_thread_blocked, id=2428, stack(0x000000f875800000,0x000000f875900000) (1024K)]
  0x00000258ef7619b0 JavaThread "JNA Cleaner"                daemon [_thread_blocked, id=29364, stack(0x000000f875300000,0x000000f875400000) (1024K)]
  0x00000258f54e5b90 JavaThread "Worker-0: Checking project encoding"        [_thread_blocked, id=27064, stack(0x000000f875900000,0x000000f875a00000) (1024K)]
  0x00000258f54e6220 JavaThread "Worker-1: Refreshing workspace"        [_thread_blocked, id=18660, stack(0x000000f875a00000,0x000000f875b00000) (1024K)]
  0x00000258f54e4150 JavaThread "Worker-2"                          [_thread_blocked, id=25348, stack(0x000000f874500000,0x000000f874600000) (1024K)]
Total: 22

Other Threads:
  0x00000258967045c0 VMThread "VM Thread"                           [id=24840, stack(0x000000f873c00000,0x000000f873d00000) (1024K)]
  0x00000258965fba00 WatcherThread "VM Periodic Task Thread"        [id=5716, stack(0x000000f873b00000,0x000000f873c00000) (1024K)]
  0x00000258967999d0 WorkerThread "GC Thread#0"                     [id=2436, stack(0x000000f873a00000,0x000000f873b00000) (1024K)]
  0x00000258f0a77f40 WorkerThread "GC Thread#1"                     [id=26024, stack(0x000000f874900000,0x000000f874a00000) (1024K)]
  0x00000258f0a3d7e0 WorkerThread "GC Thread#2"                     [id=29628, stack(0x000000f874a00000,0x000000f874b00000) (1024K)]
  0x00000258f5042320 WorkerThread "GC Thread#3"                     [id=2676, stack(0x000000f874b00000,0x000000f874c00000) (1024K)]
  0x00000258f50426c0 WorkerThread "GC Thread#4"                     [id=30252, stack(0x000000f874c00000,0x000000f874d00000) (1024K)]
  0x00000258f0c4dee0 WorkerThread "GC Thread#5"                     [id=25116, stack(0x000000f874d00000,0x000000f874e00000) (1024K)]
  0x00000258f0c4e280 WorkerThread "GC Thread#6"                     [id=25544, stack(0x000000f874e00000,0x000000f874f00000) (1024K)]
  0x00000258f5037f40 WorkerThread "GC Thread#7"                     [id=30324, stack(0x000000f875000000,0x000000f875100000) (1024K)]
  0x00000258f5657bb0 WorkerThread "GC Thread#8"                     [id=19760, stack(0x000000f875400000,0x000000f875500000) (1024K)]
  0x00000258f5479420 WorkerThread "GC Thread#9"                     [id=14884, stack(0x000000f875500000,0x000000f875600000) (1024K)]
Total: 12

Threads with active compile tasks:
C2 CompilerThread0  7139 3034       4       java.lang.invoke.MethodType::makeImpl (109 bytes)
Total: 1

VM state: not at safepoint (normal execution)

VM Mutex/Monitor currently owned by a thread:  ([mutex/lock_event])
[0x00007ffe3e7fb4f0] Metaspace_lock - owner thread: 0x00000258f52d0f60

Heap address: 0x0000000080000000, size: 2048 MB, Compressed Oops mode: 32-bit

CDS archive(s) mapped at: [0x00000258ae000000-0x00000258aeba0000-0x00000258aeba0000), size 12189696, SharedBaseAddress: 0x00000258ae000000, ArchiveRelocationMode: 1.
Compressed class space mapped at: 0x00000258af000000-0x00000258ef000000, reserved size: 1073741824
Narrow klass base: 0x00000258ae000000, Narrow klass shift: 0, Narrow klass range: 0x100000000

GC Precious Log:
 CardTable entry size: 512
 CPUs: 12 total, 12 available
 Memory: 16189M
 Large Page Support: Disabled
 NUMA Support: Disabled
 Compressed Oops: Enabled (32-bit)
 Alignments: Space 512K, Generation 512K, Heap 2M
 Heap Min Capacity: 100M
 Heap Initial Capacity: 100M
 Heap Max Capacity: 2G
 Pre-touch: Disabled
 Parallel Workers: 10

Heap:
 PSYoungGen      total 29184K, used 21831K [0x00000000d5580000, 0x00000000d7a00000, 0x0000000100000000)
  eden space 25088K, 70% used [0x00000000d5580000,0x00000000d66d6c60,0x00000000d6e00000)
  from space 4096K, 99% used [0x00000000d6e80000,0x00000000d727b128,0x00000000d7280000)
  to   space 6144K, 0% used [0x00000000d7400000,0x00000000d7400000,0x00000000d7a00000)
 ParOldGen       total 68608K, used 8255K [0x0000000080000000, 0x0000000084300000, 0x00000000d5580000)
  object space 68608K, 12% used [0x0000000080000000,0x000000008080fee0,0x0000000084300000)
 Metaspace       used 18150K, committed 18816K, reserved 1114112K
  class space    used 1921K, committed 2176K, reserved 1048576K

Card table byte_map: [0x0000025896110000,0x0000025896520000] _byte_map_base: 0x0000025895d10000

Marking Bits: (ParMarkBitMap*) 0x00007ffe3e802460
 Begin Bits: [0x00000258a8c20000, 0x00000258aac20000)
 End Bits:   [0x00000258aac20000, 0x00000258acc20000)

Polling page: 0x0000025894550000

Metaspace:

Usage:
  Non-class:     15.85 MB used.
      Class:      1.88 MB used.
       Both:     17.72 MB used.

Virtual space:
  Non-class space:       64.00 MB reserved,      16.25 MB ( 25%) committed,  1 nodes.
      Class space:        1.00 GB reserved,       2.12 MB ( <1%) committed,  1 nodes.
             Both:        1.06 GB reserved,      18.38 MB (  2%) committed. 

Chunk freelists:
   Non-Class:  15.23 MB
       Class:  13.70 MB
        Both:  28.93 MB

MaxMetaspaceSize: unlimited
CompressedClassSpaceSize: 1.00 GB
Initial GC threshold: 21.00 MB
Current GC threshold: 21.00 MB
CDS: on
 - commit_granule_bytes: 65536.
 - commit_granule_words: 8192.
 - virtual_space_node_default_size: 8388608.
 - enlarge_chunks_in_place: 1.
 - use_allocation_guard: 0.


Internal statistics:

num_allocs_failed_limit: 0.
num_arena_births: 538.
num_arena_deaths: 0.
num_vsnodes_births: 2.
num_vsnodes_deaths: 0.
num_space_committed: 294.
num_space_uncommitted: 0.
num_chunks_returned_to_freelist: 0.
num_chunks_taken_from_freelist: 1212.
num_chunk_merges: 0.
num_chunk_splits: 772.
num_chunks_enlarged: 507.
num_inconsistent_stats: 0.

CodeHeap 'non-profiled nmethods': size=120000Kb used=1421Kb max_used=1421Kb free=118578Kb
 bounds [0x00000258a1440000, 0x00000258a16b0000, 0x00000258a8970000]
CodeHeap 'profiled nmethods': size=120000Kb used=6398Kb max_used=6398Kb free=113602Kb
 bounds [0x0000025899970000, 0x0000025899fb0000, 0x00000258a0ea0000]
CodeHeap 'non-nmethods': size=5760Kb used=1282Kb max_used=1299Kb free=4477Kb
 bounds [0x00000258a0ea0000, 0x00000258a1110000, 0x00000258a1440000]
CodeCache: size=245760Kb, used=9101Kb, max_used=9118Kb, free=236657Kb
 total_blobs=3819, nmethods=3261, adapters=464, full_count=0
Compilation: enabled, stopped_count=0, restarted_count=0

Compilation events (20 events):
Event: 6.022 Thread 0x00000258ef5933b0 3259       3       org.apache.aries.spifly.weaver.TCCLSetterVisitor$TCCLSetterMethodVisitor::visitVarInsn (22 bytes)
Event: 6.022 Thread 0x00000258ef5933b0 nmethod 3259 0x0000025899fa9390 code [0x0000025899fa9540, 0x0000025899fa96a8]
Event: 6.022 Thread 0x00000258ef5933b0 3260       3       org.objectweb.asm.commons.LocalVariablesSorter::visitVarInsn (159 bytes)
Event: 6.023 Thread 0x00000258ef5933b0 nmethod 3260 0x0000025899fa9790 code [0x0000025899fa9a00, 0x0000025899faa408]
Event: 6.023 Thread 0x00000258ef5933b0 3264       3       org.objectweb.asm.MethodWriter::addSuccessorToCurrentBasicBlock (24 bytes)
Event: 6.023 Thread 0x00000258ef5933b0 nmethod 3264 0x0000025899faa790 code [0x0000025899faa940, 0x0000025899faabc0]
Event: 6.023 Thread 0x00000258ef5933b0 3265       3       org.objectweb.asm.Frame::push (59 bytes)
Event: 6.024 Thread 0x00000258ef5933b0 nmethod 3265 0x0000025899faad10 code [0x0000025899faaf60, 0x0000025899fab6f0]
Event: 6.024 Thread 0x00000258ef5933b0 3266       3       org.objectweb.asm.MethodWriter::visitVarInsn (302 bytes)
Event: 6.025 Thread 0x00000258ef5933b0 nmethod 3266 0x0000025899faba90 code [0x0000025899fabd00, 0x0000025899fac680]
Event: 6.025 Thread 0x00000258ef5933b0 3263       1       org.objectweb.asm.tree.InsnList::getLast (5 bytes)
Event: 6.025 Thread 0x00000258ef5933b0 nmethod 3263 0x00000258a15a2e90 code [0x00000258a15a3020, 0x00000258a15a30e8]
Event: 6.059 Thread 0x00000258ef5933b0 3267       3       java.util.concurrent.ConcurrentLinkedQueue::updateHead (26 bytes)
Event: 6.060 Thread 0x00000258ef5933b0 nmethod 3267 0x0000025899fac910 code [0x0000025899facc80, 0x0000025899fae2a0]
Event: 6.683 Thread 0x00000258ef5933b0 3269       3       java.lang.Thread::onSpinWait (1 bytes)
Event: 6.683 Thread 0x00000258ef5933b0 nmethod 3269 0x0000025899fae990 code [0x0000025899faeb20, 0x0000025899faec08]
Event: 6.733 Thread 0x00000258ef5933b0 3270       3       jdk.internal.misc.Unsafe::putReferenceOpaque (9 bytes)
Event: 6.733 Thread 0x00000258ef5933b0 nmethod 3270 0x0000025899faec90 code [0x0000025899faee20, 0x0000025899faef50]
Event: 6.782 Thread 0x00000258ef5933b0 3271       3       java.util.concurrent.locks.LockSupport::setBlocker (12 bytes)
Event: 6.783 Thread 0x00000258ef5933b0 nmethod 3271 0x0000025899faf010 code [0x0000025899faf1c0, 0x0000025899faf3c8]

GC Heap History (10 events):
Event: 2.481 GC heap before
{Heap before GC invocations=1 (full 0):
 PSYoungGen      total 29696K, used 25600K [0x00000000d5580000, 0x00000000d7680000, 0x0000000100000000)
  eden space 25600K, 100% used [0x00000000d5580000,0x00000000d6e80000,0x00000000d6e80000)
  from space 4096K, 0% used [0x00000000d7280000,0x00000000d7280000,0x00000000d7680000)
  to   space 4096K, 0% used [0x00000000d6e80000,0x00000000d6e80000,0x00000000d7280000)
 ParOldGen       total 68608K, used 0K [0x0000000080000000, 0x0000000084300000, 0x00000000d5580000)
  object space 68608K, 0% used [0x0000000080000000,0x0000000080000000,0x0000000084300000)
 Metaspace       used 4280K, committed 4544K, reserved 1114112K
  class space    used 471K, committed 576K, reserved 1048576K
}
Event: 2.489 GC heap after
{Heap after GC invocations=1 (full 0):
 PSYoungGen      total 29696K, used 3280K [0x00000000d5580000, 0x00000000d7680000, 0x0000000100000000)
  eden space 25600K, 0% used [0x00000000d5580000,0x00000000d5580000,0x00000000d6e80000)
  from space 4096K, 80% used [0x00000000d6e80000,0x00000000d71b4148,0x00000000d7280000)
  to   space 4096K, 0% used [0x00000000d7280000,0x00000000d7280000,0x00000000d7680000)
 ParOldGen       total 68608K, used 16K [0x0000000080000000, 0x0000000084300000, 0x00000000d5580000)
  object space 68608K, 0% used [0x0000000080000000,0x0000000080004000,0x0000000084300000)
 Metaspace       used 4280K, committed 4544K, reserved 1114112K
  class space    used 471K, committed 576K, reserved 1048576K
}
Event: 3.550 GC heap before
{Heap before GC invocations=2 (full 0):
 PSYoungGen      total 29696K, used 28854K [0x00000000d5580000, 0x00000000d7680000, 0x0000000100000000)
  eden space 25600K, 99% used [0x00000000d5580000,0x00000000d6e79900,0x00000000d6e80000)
  from space 4096K, 80% used [0x00000000d6e80000,0x00000000d71b4148,0x00000000d7280000)
  to   space 4096K, 0% used [0x00000000d7280000,0x00000000d7280000,0x00000000d7680000)
 ParOldGen       total 68608K, used 16K [0x0000000080000000, 0x0000000084300000, 0x00000000d5580000)
  object space 68608K, 0% used [0x0000000080000000,0x0000000080004000,0x0000000084300000)
 Metaspace       used 7961K, committed 8256K, reserved 1114112K
  class space    used 841K, committed 960K, reserved 1048576K
}
Event: 3.557 GC heap after
{Heap after GC invocations=2 (full 0):
 PSYoungGen      total 29696K, used 4084K [0x00000000d5580000, 0x00000000d7680000, 0x0000000100000000)
  eden space 25600K, 0% used [0x00000000d5580000,0x00000000d5580000,0x00000000d6e80000)
  from space 4096K, 99% used [0x00000000d7280000,0x00000000d767d1d8,0x00000000d7680000)
  to   space 4096K, 0% used [0x00000000d6e80000,0x00000000d6e80000,0x00000000d7280000)
 ParOldGen       total 68608K, used 1841K [0x0000000080000000, 0x0000000084300000, 0x00000000d5580000)
  object space 68608K, 2% used [0x0000000080000000,0x00000000801cc740,0x0000000084300000)
 Metaspace       used 7961K, committed 8256K, reserved 1114112K
  class space    used 841K, committed 960K, reserved 1048576K
}
Event: 4.229 GC heap before
{Heap before GC invocations=3 (full 0):
 PSYoungGen      total 29696K, used 29684K [0x00000000d5580000, 0x00000000d7680000, 0x0000000100000000)
  eden space 25600K, 100% used [0x00000000d5580000,0x00000000d6e80000,0x00000000d6e80000)
  from space 4096K, 99% used [0x00000000d7280000,0x00000000d767d1d8,0x00000000d7680000)
  to   space 4096K, 0% used [0x00000000d6e80000,0x00000000d6e80000,0x00000000d7280000)
 ParOldGen       total 68608K, used 1841K [0x0000000080000000, 0x0000000084300000, 0x00000000d5580000)
  object space 68608K, 2% used [0x0000000080000000,0x00000000801cc740,0x0000000084300000)
 Metaspace       used 9426K, committed 9728K, reserved 1114112K
  class space    used 1009K, committed 1152K, reserved 1048576K
}
Event: 4.237 GC heap after
{Heap after GC invocations=3 (full 0):
 PSYoungGen      total 29696K, used 4084K [0x00000000d5580000, 0x00000000d7680000, 0x0000000100000000)
  eden space 25600K, 0% used [0x00000000d5580000,0x00000000d5580000,0x00000000d6e80000)
  from space 4096K, 99% used [0x00000000d6e80000,0x00000000d727d100,0x00000000d7280000)
  to   space 4096K, 0% used [0x00000000d7280000,0x00000000d7280000,0x00000000d7680000)
 ParOldGen       total 68608K, used 5202K [0x0000000080000000, 0x0000000084300000, 0x00000000d5580000)
  object space 68608K, 7% used [0x0000000080000000,0x00000000805148d0,0x0000000084300000)
 Metaspace       used 9426K, committed 9728K, reserved 1114112K
  class space    used 1009K, committed 1152K, reserved 1048576K
}
Event: 4.879 GC heap before
{Heap before GC invocations=4 (full 0):
 PSYoungGen      total 29696K, used 29684K [0x00000000d5580000, 0x00000000d7680000, 0x0000000100000000)
  eden space 25600K, 100% used [0x00000000d5580000,0x00000000d6e80000,0x00000000d6e80000)
  from space 4096K, 99% used [0x00000000d6e80000,0x00000000d727d100,0x00000000d7280000)
  to   space 4096K, 0% used [0x00000000d7280000,0x00000000d7280000,0x00000000d7680000)
 ParOldGen       total 68608K, used 5202K [0x0000000080000000, 0x0000000084300000, 0x00000000d5580000)
  object space 68608K, 7% used [0x0000000080000000,0x00000000805148d0,0x0000000084300000)
 Metaspace       used 12097K, committed 12544K, reserved 1114112K
  class space    used 1296K, committed 1472K, reserved 1048576K
}
Event: 4.890 GC heap after
{Heap after GC invocations=4 (full 0):
 PSYoungGen      total 29696K, used 4070K [0x00000000d5580000, 0x00000000d7680000, 0x0000000100000000)
  eden space 25600K, 0% used [0x00000000d5580000,0x00000000d5580000,0x00000000d6e80000)
  from space 4096K, 99% used [0x00000000d7280000,0x00000000d76799a0,0x00000000d7680000)
  to   space 4096K, 0% used [0x00000000d6e80000,0x00000000d6e80000,0x00000000d7280000)
 ParOldGen       total 68608K, used 6399K [0x0000000080000000, 0x0000000084300000, 0x00000000d5580000)
  object space 68608K, 9% used [0x0000000080000000,0x000000008063ff20,0x0000000084300000)
 Metaspace       used 12097K, committed 12544K, reserved 1114112K
  class space    used 1296K, committed 1472K, reserved 1048576K
}
Event: 5.595 GC heap before
{Heap before GC invocations=5 (full 0):
 PSYoungGen      total 29696K, used 29670K [0x00000000d5580000, 0x00000000d7680000, 0x0000000100000000)
  eden space 25600K, 100% used [0x00000000d5580000,0x00000000d6e80000,0x00000000d6e80000)
  from space 4096K, 99% used [0x00000000d7280000,0x00000000d76799a0,0x00000000d7680000)
  to   space 4096K, 0% used [0x00000000d6e80000,0x00000000d6e80000,0x00000000d7280000)
 ParOldGen       total 68608K, used 6399K [0x0000000080000000, 0x0000000084300000, 0x00000000d5580000)
  object space 68608K, 9% used [0x0000000080000000,0x000000008063ff20,0x0000000084300000)
 Metaspace       used 15897K, committed 16448K, reserved 1114112K
  class space    used 1656K, committed 1920K, reserved 1048576K
}
Event: 5.601 GC heap after
{Heap after GC invocations=5 (full 0):
 PSYoungGen      total 29184K, used 4076K [0x00000000d5580000, 0x00000000d7a00000, 0x0000000100000000)
  eden space 25088K, 0% used [0x00000000d5580000,0x00000000d5580000,0x00000000d6e00000)
  from space 4096K, 99% used [0x00000000d6e80000,0x00000000d727b128,0x00000000d7280000)
  to   space 6144K, 0% used [0x00000000d7400000,0x00000000d7400000,0x00000000d7a00000)
 ParOldGen       total 68608K, used 8255K [0x0000000080000000, 0x0000000084300000, 0x00000000d5580000)
  object space 68608K, 12% used [0x0000000080000000,0x000000008080fee0,0x0000000084300000)
 Metaspace       used 15897K, committed 16448K, reserved 1114112K
  class space    used 1656K, committed 1920K, reserved 1048576K
}

Dll operation events (10 events):
Event: 0.028 Loaded shared library c:\Users\Mega Store\.vscode\extensions\redhat.java-1.50.0-win32-x64\jre\21.0.9-win32-x86_64\bin\java.dll
Event: 0.099 Loaded shared library c:\Users\Mega Store\.vscode\extensions\redhat.java-1.50.0-win32-x64\jre\21.0.9-win32-x86_64\bin\zip.dll
Event: 0.122 Loaded shared library C:\Users\Mega Store\.vscode\extensions\redhat.java-1.50.0-win32-x64\jre\21.0.9-win32-x86_64\bin\instrument.dll
Event: 0.128 Loaded shared library C:\Users\Mega Store\.vscode\extensions\redhat.java-1.50.0-win32-x64\jre\21.0.9-win32-x86_64\bin\net.dll
Event: 0.130 Loaded shared library C:\Users\Mega Store\.vscode\extensions\redhat.java-1.50.0-win32-x64\jre\21.0.9-win32-x86_64\bin\nio.dll
Event: 0.133 Loaded shared library C:\Users\Mega Store\.vscode\extensions\redhat.java-1.50.0-win32-x64\jre\21.0.9-win32-x86_64\bin\zip.dll
Event: 0.154 Loaded shared library C:\Users\Mega Store\.vscode\extensions\redhat.java-1.50.0-win32-x64\jre\21.0.9-win32-x86_64\bin\jimage.dll
Event: 0.258 Loaded shared library c:\Users\Mega Store\.vscode\extensions\redhat.java-1.50.0-win32-x64\jre\21.0.9-win32-x86_64\bin\verify.dll
Event: 3.560 Loaded shared library C:\Users\Mega Store\AppData\Roaming\Code\User\globalStorage\redhat.java\1.50.0\config_win\org.eclipse.equinox.launcher\org.eclipse.equinox.launcher.win32.win32.x86_64_1.2.1400.v20250801-0854\eclipse_11916.dll
Event: 5.711 Loaded shared library C:\Users\Mega Store\AppData\Local\Temp\jna-189755315\jna1085917310160445248.dll

Deoptimization events (20 events):
Event: 5.848 Thread 0x00000258f52d0f60 Uncommon trap: trap_request=0xffffff45 fr.pc=0x00000258a1555714 relative=0x0000000000000074
Event: 5.848 Thread 0x00000258f52d0f60 Uncommon trap: reason=unstable_if action=reinterpret pc=0x00000258a1555714 method=java.lang.ref.ReferenceQueue.poll()Ljava/lang/ref/Reference; @ 4 c2
Event: 5.848 Thread 0x00000258f52d0f60 DEOPT PACKING pc=0x00000258a1555714 sp=0x000000f8752f33b0
Event: 5.848 Thread 0x00000258f52d0f60 DEOPT UNPACKING pc=0x00000258a0ef3aa2 sp=0x000000f8752f3338 mode 2
Event: 6.009 Thread 0x00000258f52d0f60 Uncommon trap: trap_request=0xffffffde fr.pc=0x00000258a1582170 relative=0x0000000000000050
Event: 6.009 Thread 0x00000258f52d0f60 Uncommon trap: reason=class_check action=maybe_recompile pc=0x00000258a1582170 method=java.lang.invoke.DirectMethodHandle.internalMemberName(Ljava/lang/Object;)Ljava/lang/Object; @ 1 c2
Event: 6.009 Thread 0x00000258f52d0f60 DEOPT PACKING pc=0x00000258a1582170 sp=0x000000f8752f3a30
Event: 6.009 Thread 0x00000258f52d0f60 DEOPT UNPACKING pc=0x00000258a0ef3aa2 sp=0x000000f8752f39c0 mode 2
Event: 6.009 Thread 0x00000258f52d0f60 Uncommon trap: trap_request=0xffffffde fr.pc=0x00000258a1582170 relative=0x0000000000000050
Event: 6.009 Thread 0x00000258f52d0f60 Uncommon trap: reason=class_check action=maybe_recompile pc=0x00000258a1582170 method=java.lang.invoke.DirectMethodHandle.internalMemberName(Ljava/lang/Object;)Ljava/lang/Object; @ 1 c2
Event: 6.009 Thread 0x00000258f52d0f60 DEOPT PACKING pc=0x00000258a1582170 sp=0x000000f8752f3ad0
Event: 6.009 Thread 0x00000258f52d0f60 DEOPT UNPACKING pc=0x00000258a0ef3aa2 sp=0x000000f8752f3a60 mode 2
Event: 6.010 Thread 0x00000258f52d0f60 Uncommon trap: trap_request=0xffffffde fr.pc=0x00000258a1582170 relative=0x0000000000000050
Event: 6.010 Thread 0x00000258f52d0f60 Uncommon trap: reason=class_check action=maybe_recompile pc=0x00000258a1582170 method=java.lang.invoke.DirectMethodHandle.internalMemberName(Ljava/lang/Object;)Ljava/lang/Object; @ 1 c2
Event: 6.010 Thread 0x00000258f52d0f60 DEOPT PACKING pc=0x00000258a1582170 sp=0x000000f8752f3ad0
Event: 6.010 Thread 0x00000258f52d0f60 DEOPT UNPACKING pc=0x00000258a0ef3aa2 sp=0x000000f8752f3a60 mode 2
Event: 6.010 Thread 0x00000258f52d0f60 Uncommon trap: trap_request=0xffffff45 fr.pc=0x00000258a1574444 relative=0x00000000000000a4
Event: 6.010 Thread 0x00000258f52d0f60 Uncommon trap: reason=unstable_if action=reinterpret pc=0x00000258a1574444 method=java.lang.ref.ReferenceQueue.poll()Ljava/lang/ref/Reference; @ 4 c2
Event: 6.010 Thread 0x00000258f52d0f60 DEOPT PACKING pc=0x00000258a1574444 sp=0x000000f8752f3ba0
Event: 6.011 Thread 0x00000258f52d0f60 DEOPT UNPACKING pc=0x00000258a0ef3aa2 sp=0x000000f8752f3a88 mode 2

Classes loaded (20 events):
Event: 5.785 Loading class java/util/stream/SortedOps$SizedRefSortingSink
Event: 5.785 Loading class java/util/stream/SortedOps$SizedRefSortingSink done
Event: 5.790 Loading class java/io/DataOutputStream
Event: 5.790 Loading class java/io/DataOutputStream done
Event: 5.826 Loading class java/util/concurrent/atomic/Striped64$1
Event: 5.826 Loading class java/util/concurrent/atomic/Striped64$1 done
Event: 5.899 Loading class java/util/BitSet
Event: 5.899 Loading class java/util/BitSet done
Event: 5.904 Loading class sun/net/www/protocol/jrt/JavaRuntimeURLConnection
Event: 5.905 Loading class sun/net/www/protocol/jrt/JavaRuntimeURLConnection done
Event: 5.905 Loading class sun/net/www/protocol/jrt/JavaRuntimeURLConnection$1
Event: 5.905 Loading class sun/net/www/protocol/jrt/JavaRuntimeURLConnection$1 done
Event: 5.928 Loading class java/util/function/UnaryOperator
Event: 5.928 Loading class java/util/function/UnaryOperator done
Event: 5.933 Loading class java/util/ServiceConfigurationError
Event: 5.933 Loading class java/util/ServiceConfigurationError done
Event: 5.947 Loading class java/lang/InheritableThreadLocal
Event: 5.948 Loading class java/lang/InheritableThreadLocal done
Event: 6.003 Loading class java/security/AccessControlException
Event: 6.003 Loading class java/security/AccessControlException done

Classes unloaded (0 events):
No events

Classes redefined (0 events):
No events

Internal exceptions (20 events):
Event: 5.580 Thread 0x00000258f52d0f60 Exception <a 'java/lang/NoSuchMethodError'{0x00000000d6dc6c58}: 'java.lang.Object java.lang.invoke.DirectMethodHandle$Holder.invokeStaticInit(java.lang.Object, int)'> (0x00000000d6dc6c58) 
thrown [s\src\hotspot\share\interpreter\linkResolver.cpp, line 773]
Event: 5.639 Thread 0x00000258f52d0f60 Exception <a 'java/lang/NoSuchMethodError'{0x00000000d576e940}: 'java.lang.Object java.lang.invoke.DirectMethodHandle$Holder.invokeStaticInit(java.lang.Object, int, int, int, int)'> (0x00000000d576e940) 
thrown [s\src\hotspot\share\interpreter\linkResolver.cpp, line 773]
Event: 5.674 Thread 0x00000258f52d0f60 Exception <a 'java/lang/NoSuchMethodError'{0x00000000d5892550}: 'java.lang.Object java.lang.invoke.DirectMethodHandle$Holder.invokeStaticInit(java.lang.Object, java.lang.Object, int, int, int, int)'> (0x00000000d5892550) 
thrown [s\src\hotspot\share\interpreter\linkResolver.cpp, line 773]
Event: 5.733 Thread 0x00000258f52d0f60 Exception <a 'java/lang/NoSuchMethodError'{0x00000000d59a6ae8}: 'void java.lang.invoke.DirectMethodHandle$Holder.invokeSpecial(java.lang.Object, java.lang.Object, java.lang.Object, int)'> (0x00000000d59a6ae8) 
thrown [s\src\hotspot\share\interpreter\linkResolver.cpp, line 773]
Event: 5.733 Thread 0x00000258f52d0f60 Exception <a 'java/lang/NoSuchMethodError'{0x00000000d59aa478}: 'void java.lang.invoke.DelegatingMethodHandle$Holder.reinvoke_L(java.lang.Object, java.lang.Object, int)'> (0x00000000d59aa478) 
thrown [s\src\hotspot\share\interpreter\linkResolver.cpp, line 773]
Event: 5.734 Thread 0x00000258f52d0f60 Exception <a 'java/lang/NoSuchMethodError'{0x00000000d59b1160}: 'int java.lang.invoke.Invokers$Holder.invokeExact_MT(java.lang.Object, java.lang.Object, java.lang.Object)'> (0x00000000d59b1160) 
thrown [s\src\hotspot\share\interpreter\linkResolver.cpp, line 773]
Event: 5.755 Thread 0x00000258f52d0f60 Exception <a 'java/lang/NoSuchMethodError'{0x00000000d5ad6e78}: 'void java.lang.invoke.Invokers$Holder.invokeExact_MT(java.lang.Object, java.lang.Object, int, java.lang.Object)'> (0x00000000d5ad6e78) 
thrown [s\src\hotspot\share\interpreter\linkResolver.cpp, line 773]
Event: 5.772 Thread 0x00000258f52d0f60 Exception <a 'java/lang/NoSuchMethodError'{0x00000000d5bec080}: 'java.lang.Object java.lang.invoke.DirectMethodHandle$Holder.invokeSpecial(java.lang.Object, java.lang.Object, java.lang.Object, long, java.lang.Object)'> (0x00000000d5bec080) 
thrown [s\src\hotspot\share\interpreter\linkResolver.cpp, line 773]
Event: 5.773 Thread 0x00000258f52d0f60 Exception <a 'java/lang/NoSuchMethodError'{0x00000000d5bf3b08}: 'java.lang.Object java.lang.invoke.DirectMethodHandle$Holder.newInvokeSpecial(java.lang.Object, java.lang.Object, java.lang.Object, long)'> (0x00000000d5bf3b08) 
thrown [s\src\hotspot\share\interpreter\linkResolver.cpp, line 773]
Event: 5.774 Thread 0x00000258f52d0f60 Exception <a 'java/lang/NoSuchMethodError'{0x00000000d5bf7eb8}: 'java.lang.Object java.lang.invoke.DirectMethodHandle$Holder.invokeSpecial(java.lang.Object, java.lang.Object, java.lang.Object, java.lang.Object, long)'> (0x00000000d5bf7eb8) 
thrown [s\src\hotspot\share\interpreter\linkResolver.cpp, line 773]
Event: 5.774 Thread 0x00000258f52d0f60 Exception <a 'java/lang/NoSuchMethodError'{0x00000000d5bfbad8}: 'java.lang.Object java.lang.invoke.Invokers$Holder.linkToTargetMethod(java.lang.Object, java.lang.Object, long, java.lang.Object)'> (0x00000000d5bfbad8) 
thrown [s\src\hotspot\share\interpreter\linkResolver.cpp, line 773]
Event: 5.783 Thread 0x00000258f52d0f60 Exception <a 'java/lang/NoSuchMethodError'{0x00000000d5c764b8}: 'int java.lang.invoke.DirectMethodHandle$Holder.invokeStaticInit(java.lang.Object, java.lang.Object, java.lang.Object)'> (0x00000000d5c764b8) 
thrown [s\src\hotspot\share\interpreter\linkResolver.cpp, line 773]
Event: 5.797 Thread 0x00000258f52d0f60 Exception <a 'java/lang/IncompatibleClassChangeError'{0x00000000d5d26cc0}: Found class java.lang.Object, but interface was expected> (0x00000000d5d26cc0) 
thrown [s\src\hotspot\share\interpreter\linkResolver.cpp, line 840]
Event: 5.806 Thread 0x00000258f52d0f60 Exception <a 'java/lang/NoSuchMethodError'{0x00000000d5d41e50}: 'java.lang.Object java.lang.invoke.DirectMethodHandle$Holder.invokeSpecial(java.lang.Object, java.lang.Object, java.lang.Object, int, java.lang.Object, java.lang.Object)'> (0x00000000d5d41e50) 
thrown [s\src\hotspot\share\interpreter\linkResolver.cpp, line 773]
Event: 5.807 Thread 0x00000258f52d0f60 Exception <a 'java/lang/NoSuchMethodError'{0x00000000d5d49d08}: 'java.lang.Object java.lang.invoke.DirectMethodHandle$Holder.newInvokeSpecial(java.lang.Object, java.lang.Object, java.lang.Object, int, java.lang.Object)'> (0x00000000d5d49d08) 
thrown [s\src\hotspot\share\interpreter\linkResolver.cpp, line 773]
Event: 5.808 Thread 0x00000258f52d0f60 Exception <a 'java/lang/NoSuchMethodError'{0x00000000d5d4dc88}: 'java.lang.Object java.lang.invoke.DirectMethodHandle$Holder.invokeSpecial(java.lang.Object, java.lang.Object, java.lang.Object, java.lang.Object, int, java.lang.Object)'> (0x00000000d5d4dc88) 
thrown [s\src\hotspot\share\interpreter\linkResolver.cpp, line 773]
Event: 5.808 Thread 0x00000258f52d0f60 Exception <a 'java/lang/NoSuchMethodError'{0x00000000d5d517c8}: 'java.lang.Object java.lang.invoke.Invokers$Holder.linkToTargetMethod(java.lang.Object, java.lang.Object, int, java.lang.Object, java.lang.Object)'> (0x00000000d5d517c8) 
thrown [s\src\hotspot\share\interpreter\linkResolver.cpp, line 773]
Event: 5.809 Thread 0x00000258f54e5b90 Exception <a 'java/lang/NoSuchMethodError'{0x00000000d5c5a6f8}: 'java.lang.Object java.lang.invoke.DirectMethodHandle$Holder.invokeSpecial(java.lang.Object, java.lang.Object, int, java.lang.Object, java.lang.Object)'> (0x00000000d5c5a6f8) 
thrown [s\src\hotspot\share\interpreter\linkResolver.cpp, line 773]
Event: 5.829 Thread 0x00000258f52d0f60 Exception <a 'java/lang/NoSuchMethodError'{0x00000000d5e4dd30}: 'void java.lang.invoke.DirectMethodHandle$Holder.invokeSpecial(java.lang.Object, java.lang.Object, java.lang.Object, java.lang.Object, java.lang.Object)'> (0x00000000d5e4dd30) 
thrown [s\src\hotspot\share\interpreter\linkResolver.cpp, line 773]
Event: 6.008 Thread 0x00000258f52d0f60 Exception <a 'java/lang/NoSuchMethodError'{0x00000000d6602300}: 'java.lang.Object java.lang.invoke.DirectMethodHandle$Holder.invokeInterface(java.lang.Object, java.lang.Object, java.lang.Object)'> (0x00000000d6602300) 
thrown [s\src\hotspot\share\interpreter\linkResolver.cpp, line 773]

ZGC Phase Switch (0 events):
No events

VM Operations (20 events):
Event: 4.237 Executing VM operation: ParallelGCFailedAllocation (Allocation Failure) done
Event: 4.771 Executing VM operation: HandshakeAllThreads (Deoptimize)
Event: 4.771 Executing VM operation: HandshakeAllThreads (Deoptimize) done
Event: 4.879 Executing VM operation: ParallelGCFailedAllocation (Allocation Failure)
Event: 4.890 Executing VM operation: ParallelGCFailedAllocation (Allocation Failure) done
Event: 5.429 Executing VM operation: HandshakeAllThreads (Deoptimize)
Event: 5.429 Executing VM operation: HandshakeAllThreads (Deoptimize) done
Event: 5.595 Executing VM operation: ParallelGCFailedAllocation (Allocation Failure)
Event: 5.601 Executing VM operation: ParallelGCFailedAllocation (Allocation Failure) done
Event: 5.665 Executing VM operation: HandshakeAllThreads (Deoptimize)
Event: 5.666 Executing VM operation: HandshakeAllThreads (Deoptimize) done
Event: 5.721 Executing VM operation: HandshakeAllThreads (Deoptimize)
Event: 5.721 Executing VM operation: HandshakeAllThreads (Deoptimize) done
Event: 5.906 Executing VM operation: HandshakeAllThreads (Deoptimize)
Event: 5.906 Executing VM operation: HandshakeAllThreads (Deoptimize) done
Event: 5.953 Executing VM operation: HandshakeAllThreads (Deoptimize)
Event: 5.953 Executing VM operation: HandshakeAllThreads (Deoptimize) done
Event: 5.962 Executing VM operation: HandshakeAllThreads (Deoptimize)
Event: 5.962 Executing VM operation: HandshakeAllThreads (Deoptimize) done
Event: 6.963 Executing VM operation: Cleanup

Memory protections (0 events):
No events

Nmethod flushes (0 events):
No events

Events (20 events):
Event: 0.070 Thread 0x000002589677b8b0 Thread added: 0x00000258ef590560
Event: 0.070 Thread 0x000002589677b8b0 Thread added: 0x00000258ef5933b0
Event: 0.106 Thread 0x00000258ef5933b0 Thread added: 0x00000258ef69b490
Event: 0.124 Thread 0x000002589677b8b0 Thread added: 0x00000258ef7cab00
Event: 0.359 Thread 0x000002589677b8b0 Thread added: 0x00000258f05c1fe0
Event: 0.525 Thread 0x00000258ef5933b0 Thread added: 0x00000258f05c0440
Event: 3.202 Thread 0x000002589677b8b0 Thread added: 0x00000258f0a329c0
Event: 3.370 Thread 0x00000258f05c0440 Thread exited: 0x00000258f05c0440
Event: 3.545 Thread 0x000002589677b8b0 Thread added: 0x00000258f50378e0
Event: 3.611 Thread 0x00000258f50378e0 Thread added: 0x00000258f5299600
Event: 3.618 Thread 0x000002589677b8b0 Thread added: 0x00000258f52d0f60
Event: 3.867 Thread 0x00000258ef5933b0 Thread added: 0x00000258f50128e0
Event: 4.293 Thread 0x00000258f52d0f60 Thread added: 0x00000258f56b3a80
Event: 4.754 Thread 0x00000258f52d0f60 Thread added: 0x00000258f5739ba0
Event: 5.203 Thread 0x00000258f52d0f60 Thread added: 0x00000258f5716f80
Event: 5.228 Thread 0x00000258f50128e0 Thread exited: 0x00000258f50128e0
Event: 5.742 Thread 0x00000258f52d0f60 Thread added: 0x00000258ef7619b0
Event: 5.778 Thread 0x00000258f52d0f60 Thread added: 0x00000258f54e5b90
Event: 5.809 Thread 0x00000258f52d0f60 Thread added: 0x00000258f54e6220
Event: 6.683 Thread 0x00000258ef69b490 Thread exited: 0x00000258ef69b490


Dynamic libraries:
0x00007ff697040000 - 0x00007ff69704e000 	c:\Users\Mega Store\.vscode\extensions\redhat.java-1.50.0-win32-x64\jre\21.0.9-win32-x86_64\bin\java.exe
0x00007ffef6780000 - 0x00007ffef69e7000 	C:\WINDOWS\SYSTEM32\ntdll.dll
0x00007ffec3460000 - 0x00007ffec3480000 	C:\Program Files\Avast Software\Avast\aswhook.dll
0x00007ffef5910000 - 0x00007ffef59d9000 	C:\WINDOWS\System32\KERNEL32.DLL
0x00007ffef4120000 - 0x00007ffef450f000 	C:\WINDOWS\System32\KERNELBASE.dll
0x00007ffef3bb0000 - 0x00007ffef3cfb000 	C:\WINDOWS\System32\ucrtbase.dll
0x00007ffe9e020000 - 0x00007ffe9e038000 	c:\Users\Mega Store\.vscode\extensions\redhat.java-1.50.0-win32-x64\jre\21.0.9-win32-x86_64\bin\jli.dll
0x00007ffef4ec0000 - 0x00007ffef5085000 	C:\WINDOWS\System32\USER32.dll
0x00007ffef3960000 - 0x00007ffef3987000 	C:\WINDOWS\System32\win32u.dll
0x00007ffef5090000 - 0x00007ffef50bb000 	C:\WINDOWS\System32\GDI32.dll
0x00007ffe91760000 - 0x00007ffe9177e000 	c:\Users\Mega Store\.vscode\extensions\redhat.java-1.50.0-win32-x64\jre\21.0.9-win32-x86_64\bin\VCRUNTIME140.dll
0x00007ffef3d00000 - 0x00007ffef3e2c000 	C:\WINDOWS\System32\gdi32full.dll
0x00007ffecda80000 - 0x00007ffecdd13000 	C:\WINDOWS\WinSxS\amd64_microsoft.windows.common-controls_6595b64144ccf1df_6.0.26100.7309_none_3e05feeae336a044\COMCTL32.dll
0x00007ffef3990000 - 0x00007ffef3a33000 	C:\WINDOWS\System32\msvcp_win.dll
0x00007ffef5530000 - 0x00007ffef55d9000 	C:\WINDOWS\System32\msvcrt.dll
0x00007ffef50d0000 - 0x00007ffef5101000 	C:\WINDOWS\System32\IMM32.DLL
0x00007ffece590000 - 0x00007ffece59c000 	c:\Users\Mega Store\.vscode\extensions\redhat.java-1.50.0-win32-x64\jre\21.0.9-win32-x86_64\bin\vcruntime140_1.dll
0x00007ffe60010000 - 0x00007ffe6009d000 	c:\Users\Mega Store\.vscode\extensions\redhat.java-1.50.0-win32-x64\jre\21.0.9-win32-x86_64\bin\msvcp140.dll
0x00007ffe3db40000 - 0x00007ffe3e8e0000 	c:\Users\Mega Store\.vscode\extensions\redhat.java-1.50.0-win32-x64\jre\21.0.9-win32-x86_64\bin\server\jvm.dll
0x00007ffef55e0000 - 0x00007ffef5694000 	C:\WINDOWS\System32\ADVAPI32.dll
0x00007ffef4db0000 - 0x00007ffef4e56000 	C:\WINDOWS\System32\sechost.dll
0x00007ffef5ce0000 - 0x00007ffef5df8000 	C:\WINDOWS\System32\RPCRT4.dll
0x00007ffef56a0000 - 0x00007ffef5714000 	C:\WINDOWS\System32\WS2_32.dll
0x00007ffedfe70000 - 0x00007ffedfea5000 	C:\WINDOWS\SYSTEM32\WINMM.dll
0x00007ffef32c0000 - 0x00007ffef331e000 	C:\WINDOWS\SYSTEM32\POWRPROF.dll
0x00007ffeed6a0000 - 0x00007ffeed6ab000 	C:\WINDOWS\SYSTEM32\VERSION.dll
0x00007ffef32a0000 - 0x00007ffef32b4000 	C:\WINDOWS\SYSTEM32\UMPDC.dll
0x00007ffef2640000 - 0x00007ffef265b000 	C:\WINDOWS\SYSTEM32\kernel.appcore.dll
0x00007ffecde90000 - 0x00007ffecde9a000 	c:\Users\Mega Store\.vscode\extensions\redhat.java-1.50.0-win32-x64\jre\21.0.9-win32-x86_64\bin\jimage.dll
0x00007ffef10b0000 - 0x00007ffef12f2000 	C:\WINDOWS\SYSTEM32\DBGHELP.DLL
0x00007ffef51a0000 - 0x00007ffef5525000 	C:\WINDOWS\System32\combase.dll
0x00007ffef5720000 - 0x00007ffef57f6000 	C:\WINDOWS\System32\OLEAUT32.dll
0x00007ffee5370000 - 0x00007ffee53ac000 	C:\WINDOWS\SYSTEM32\dbgcore.DLL
0x00007ffef3a40000 - 0x00007ffef3ae5000 	C:\WINDOWS\System32\bcryptPrimitives.dll
0x00007ffecdd30000 - 0x00007ffecdd3f000 	c:\Users\Mega Store\.vscode\extensions\redhat.java-1.50.0-win32-x64\jre\21.0.9-win32-x86_64\bin\instrument.dll
0x00007ffe8fa50000 - 0x00007ffe8fa70000 	c:\Users\Mega Store\.vscode\extensions\redhat.java-1.50.0-win32-x64\jre\21.0.9-win32-x86_64\bin\java.dll
0x00007ffef4550000 - 0x00007ffef4ca3000 	C:\WINDOWS\System32\SHELL32.dll
0x00007ffef3fb0000 - 0x00007ffef411a000 	C:\WINDOWS\System32\wintypes.dll
0x00007ffef14b0000 - 0x00007ffef1d0e000 	C:\WINDOWS\SYSTEM32\windows.storage.dll
0x00007ffef4cb0000 - 0x00007ffef4da5000 	C:\WINDOWS\System32\SHCORE.dll
0x00007ffef6350000 - 0x00007ffef63b6000 	C:\WINDOWS\System32\shlwapi.dll
0x00007ffef37f0000 - 0x00007ffef3819000 	C:\WINDOWS\SYSTEM32\profapi.dll
0x00007ffe82210000 - 0x00007ffe82228000 	c:\Users\Mega Store\.vscode\extensions\redhat.java-1.50.0-win32-x64\jre\21.0.9-win32-x86_64\bin\zip.dll
0x00007ffecc8a0000 - 0x00007ffecc8b0000 	C:\Users\Mega Store\.vscode\extensions\redhat.java-1.50.0-win32-x64\jre\21.0.9-win32-x86_64\bin\net.dll
0x00007ffeec650000 - 0x00007ffeec778000 	C:\WINDOWS\SYSTEM32\WINHTTP.dll
0x00007ffef2b90000 - 0x00007ffef2bfb000 	C:\WINDOWS\system32\mswsock.dll
0x00007ffe82050000 - 0x00007ffe82066000 	C:\Users\Mega Store\.vscode\extensions\redhat.java-1.50.0-win32-x64\jre\21.0.9-win32-x86_64\bin\nio.dll
0x00007ffecc390000 - 0x00007ffecc3a0000 	c:\Users\Mega Store\.vscode\extensions\redhat.java-1.50.0-win32-x64\jre\21.0.9-win32-x86_64\bin\verify.dll
0x00007ffe5e020000 - 0x00007ffe5e064000 	C:\Users\Mega Store\AppData\Roaming\Code\User\globalStorage\redhat.java\1.50.0\config_win\org.eclipse.equinox.launcher\org.eclipse.equinox.launcher.win32.win32.x86_64_1.2.1400.v20250801-0854\eclipse_11916.dll
0x00007ffef5ae0000 - 0x00007ffef5c77000 	C:\WINDOWS\System32\ole32.dll
0x00007ffef2f80000 - 0x00007ffef2f9b000 	C:\WINDOWS\SYSTEM32\CRYPTSP.dll
0x00007ffef25a0000 - 0x00007ffef25da000 	C:\WINDOWS\system32\rsaenh.dll
0x00007ffef2c40000 - 0x00007ffef2c6b000 	C:\WINDOWS\SYSTEM32\USERENV.dll
0x00007ffef37c0000 - 0x00007ffef37ea000 	C:\WINDOWS\SYSTEM32\bcrypt.dll
0x00007ffef2de0000 - 0x00007ffef2dec000 	C:\WINDOWS\SYSTEM32\CRYPTBASE.dll
0x00007ffef2080000 - 0x00007ffef20b4000 	C:\WINDOWS\SYSTEM32\IPHLPAPI.DLL
0x00007ffef4540000 - 0x00007ffef454a000 	C:\WINDOWS\System32\NSI.dll
0x00007ffecc4a0000 - 0x00007ffecc4e9000 	C:\Users\Mega Store\AppData\Local\Temp\jna-189755315\jna1085917310160445248.dll
0x00007ffef4eb0000 - 0x00007ffef4eb8000 	C:\WINDOWS\System32\PSAPI.DLL

JVMTI agents:
c:\Users\Mega Store\.vscode\extensions\redhat.java-1.50.0-win32-x64\lombok\lombok-1.18.39-4050.jar path:c:\Users\Mega Store\.vscode\extensions\redhat.java-1.50.0-win32-x64\jre\21.0.9-win32-x86_64\bin\instrument.dll, loaded, initialized, instrumentlib options:none

dbghelp: loaded successfully - version: 4.0.5 - missing functions: none
symbol engine: initialized successfully - sym options: 0x614 - pdb path: .;c:\Users\Mega Store\.vscode\extensions\redhat.java-1.50.0-win32-x64\jre\21.0.9-win32-x86_64\bin;C:\WINDOWS\SYSTEM32;C:\Program Files\Avast Software\Avast;C:\WINDOWS\WinSxS\amd64_microsoft.windows.common-controls_6595b64144ccf1df_6.0.26100.7309_none_3e05feeae336a044;c:\Users\Mega Store\.vscode\extensions\redhat.java-1.50.0-win32-x64\jre\21.0.9-win32-x86_64\bin\server;C:\Users\Mega Store\AppData\Roaming\Code\User\globalStorage\redhat.java\1.50.0\config_win\org.eclipse.equinox.launcher\org.eclipse.equinox.launcher.win32.win32.x86_64_1.2.1400.v20250801-0854;C:\Users\Mega Store\AppData\Local\Temp\jna-189755315

VM Arguments:
jvm_args: --add-modules=ALL-SYSTEM --add-opens=java.base/java.util=ALL-UNNAMED --add-opens=java.base/java.lang=ALL-UNNAMED --add-opens=java.base/sun.nio.fs=ALL-UNNAMED -Declipse.application=org.eclipse.jdt.ls.core.id1 -Dosgi.bundles.defaultStartLevel=4 -Declipse.product=org.eclipse.jdt.ls.core.product -Djava.import.generatesMetadataFilesAtProjectRoot=false -DDetectVMInstallationsJob.disabled=true -Dfile.encoding=utf8 -XX:+UseParallelGC -XX:GCTimeRatio=4 -XX:AdaptiveSizePolicyWeight=90 -Dsun.zip.disableMemoryMapping=true -Xmx2G -Xms100m -Xlog:disable -javaagent:c:\Users\Mega Store\.vscode\extensions\redhat.java-1.50.0-win32-x64\lombok\lombok-1.18.39-4050.jar -XX:+HeapDumpOnOutOfMemoryError -XX:HeapDumpPath=c:\Users\Mega Store\AppData\Roaming\Code\User\workspaceStorage\139c7215841c16aeddf95d33c763f8ab\redhat.java -Daether.dependencyCollector.impl=bf 
java_command: c:\Users\Mega Store\.vscode\extensions\redhat.java-1.50.0-win32-x64\server\plugins\org.eclipse.equinox.launcher_1.7.100.v20251111-0406.jar -configuration c:\Users\Mega Store\AppData\Roaming\Code\User\globalStorage\redhat.java\1.50.0\config_win -data c:\Users\Mega Store\AppData\Roaming\Code\User\workspaceStorage\139c7215841c16aeddf95d33c763f8ab\redhat.java\jdt_ws --pipe=\\.\pipe\lsp-8e189c3f0a7f5a05915161e1de9c3211-sock
java_class_path (initial): c:\Users\Mega Store\.vscode\extensions\redhat.java-1.50.0-win32-x64\server\plugins\org.eclipse.equinox.launcher_1.7.100.v20251111-0406.jar
Launcher Type: SUN_STANDARD

[Global flags]
    uintx AdaptiveSizePolicyWeight                 = 90                                        {product} {command line}
     intx CICompilerCount                          = 4                                         {product} {ergonomic}
    uintx GCTimeRatio                              = 4                                         {product} {command line}
     bool HeapDumpOnOutOfMemoryError               = true                                   {manageable} {command line}
    ccstr HeapDumpPath                             = c:\Users\Mega Store\AppData\Roaming\Code\User\workspaceStorage\139c7215841c16aeddf95d33c763f8ab\redhat.java         {manageable} {command line}
   size_t InitialHeapSize                          = 104857600                                 {product} {command line}
   size_t MaxHeapSize                              = 2147483648                                {product} {command line}
   size_t MaxNewSize                               = 715653120                                 {product} {ergonomic}
   size_t MinHeapDeltaBytes                        = 524288                                    {product} {ergonomic}
   size_t MinHeapSize                              = 104857600                                 {product} {command line}
   size_t NewSize                                  = 34603008                                  {product} {ergonomic}
    uintx NonNMethodCodeHeapSize                   = 5839372                                {pd product} {ergonomic}
    uintx NonProfiledCodeHeapSize                  = 122909434                              {pd product} {ergonomic}
   size_t OldSize                                  = 70254592                                  {product} {ergonomic}
    uintx ProfiledCodeHeapSize                     = 122909434                              {pd product} {ergonomic}
    uintx ReservedCodeCacheSize                    = 251658240                              {pd product} {ergonomic}
     bool SegmentedCodeCache                       = true                                      {product} {ergonomic}
   size_t SoftMaxHeapSize                          = 2147483648                             {manageable} {ergonomic}
     bool UseCompressedOops                        = true                           {product lp64_product} {ergonomic}
     bool UseLargePagesIndividualAllocation        = false                                  {pd product} {ergonomic}
     bool UseParallelGC                            = true                                      {product} {command line}

Logging:
Log output configuration:
 #0: stdout all=off uptime,level,tags foldmultilines=false
 #1: stderr all=off uptime,level,tags foldmultilines=false

Release file:
JAVA_VERSION="21.0.9" 
MODULES="java.base java.compiler java.datatransfer java.xml java.prefs java.desktop java.instrument java.logging java.management java.security.sasl java.naming java.rmi java.management.rmi java.net.http java.scripting java.security.jgss java.transaction.xa java.sql java.sql.rowset java.xml.crypto java.se java.smartcardio jdk.accessibility jdk.internal.jvmstat jdk.attach jdk.charsets jdk.internal.opt jdk.zipfs jdk.compiler jdk.crypto.ec jdk.crypto.cryptoki jdk.crypto.mscapi jdk.dynalink jdk.internal.ed jdk.editpad jdk.hotspot.agent jdk.httpserver jdk.internal.le jdk.internal.vm.ci jdk.internal.vm.compiler jdk.internal.vm.compiler.management jdk.jartool jdk.javadoc jdk.jcmd jdk.management jdk.management.agent jdk.jconsole jdk.jdeps jdk.jdwp.agent jdk.jdi jdk.jfr jdk.jshell jdk.jsobject jdk.jstatd jdk.localedata jdk.management.jfr jdk.naming.dns jdk.naming.rmi jdk.net jdk.nio.mapmode jdk.random jdk.sctp jdk.security.auth jdk.security.jgss jdk.unsupported jdk.unsupported.desktop jdk.xml.dom" 

Environment Variables:
JAVA_HOME=D:\programs\jdk-17.0.12
PATH=C:\Python314\Scripts\;C:\Python314\;D:\programs\jdk-17.0.12\bin;C:\Program Files\dotnet\;C:\Program Files\Fortect;C:\WINDOWS\system32;C:\WINDOWS;C:\WINDOWS\System32\Wbem;C:\WINDOWS\System32\WindowsPowerShell\v1.0\;C:\WINDOWS\System32\OpenSSH\;C:\Program Files\NVIDIA Corporation\NVIDIA App\NvDLISR;C:\Program Files\nodejs\;C:\ProgramData\chocolatey\bin;C:\Program Files\Git\cmd;C:\Users\Mega Store\AppData\Local\Programs\Python\Python313\Scripts\;C:\Users\Mega Store\AppData\Local\Programs\Python\Python313\;C:\Users\Mega Store\AppData\Local\Programs\Python\Launcher\;C:\Users\Mega Store\AppData\Local\Microsoft\WindowsApps;C:\Users\Mega Store\AppData\Local\Programs\Microsoft VS Code\bin;C:\Users\Mega Store\AppData\Local\spicetify;D:\modelsim_ase\win32aloem;D:\programs\bin;C:\Program Files\Java\jre1.8.0_251\bin;D:\programs\jdk-17.0.12\bin;C:\msys64\ucrt64\bin;C:\Users\Mega Store\AppData\Local\Microsoft\WindowsApps;C:\Users\Mega Store\AppData\Roaming\npm;D:\programs\jdk-17.0.12\bin;C:\Users\Mega Store\AppData\Local\GitHubDesktop\bin
USERNAME=Mega Store
OS=Windows_NT
PROCESSOR_IDENTIFIER=Intel64 Family 6 Model 158 Stepping 10, GenuineIntel
TMP=C:\Users\MEGAST~1\AppData\Local\Temp
TEMP=C:\Users\MEGAST~1\AppData\Local\Temp




Periodic native trim disabled

---------------  S Y S T E M  ---------------

OS:
 Windows 11 , 64 bit Build 26100 (10.0.26100.7309)
OS uptime: 1 days 19:44 hours
Hyper-V role detected

CPU: total 12 (initial active 12) (6 cores per cpu, 2 threads per core) family 6 model 158 stepping 10 microcode 0xf8, cx8, cmov, fxsr, ht, mmx, 3dnowpref, sse, sse2, sse3, ssse3, sse4.1, sse4.2, popcnt, lzcnt, tsc, tscinvbit, avx, avx2, aes, erms, clmul, bmi1, bmi2, rtm, adx, fma, vzeroupper, clflush, clflushopt, hv, rdtscp, f16c
Processor Information for processor 0
  Max Mhz: 2904, Current Mhz: 1502, Mhz Limit: 2904
Processor Information for processor 1
  Max Mhz: 2904, Current Mhz: 1502, Mhz Limit: 2904
Processor Information for processor 2
  Max Mhz: 2904, Current Mhz: 2904, Mhz Limit: 2904
Processor Information for processor 3
  Max Mhz: 2904, Current Mhz: 1502, Mhz Limit: 2904
Processor Information for processor 4
  Max Mhz: 2904, Current Mhz: 2904, Mhz Limit: 2904
Processor Information for processor 5
  Max Mhz: 2904, Current Mhz: 1502, Mhz Limit: 2904
Processor Information for processor 6
  Max Mhz: 2904, Current Mhz: 1502, Mhz Limit: 2904
Processor Information for processor 7
  Max Mhz: 2904, Current Mhz: 1502, Mhz Limit: 2904
Processor Information for processor 8
  Max Mhz: 2904, Current Mhz: 2904, Mhz Limit: 2904
Processor Information for processor 9
  Max Mhz: 2904, Current Mhz: 1502, Mhz Limit: 2904
Processor Information for processor 10
  Max Mhz: 2904, Current Mhz: 1502, Mhz Limit: 2904
Processor Information for processor 11
  Max Mhz: 2904, Current Mhz: 1502, Mhz Limit: 2904

Memory: 4k page, system-wide physical 16189M (1331M free)
TotalPageFile size 22333M (AvailPageFile size 132M)
current process WorkingSet (physical memory assigned to process): 137M, peak: 137M
current process commit charge ("private bytes"): 283M, peak: 285M

vm_info: OpenJDK 64-Bit Server VM (21.0.9+10-LTS) for windows-amd64 JRE (21.0.9+10-LTS), built on 2025-10-21T00:00:00Z by "admin" with unknown MS VC++:1942

END.
